scu_18xx_43xx.h:135:20:void Chip_SCU_PinMuxSet(uint8_t, uint8_t, uint16_t)	16	static
uart_18xx_43xx.h:306:20:void Chip_UART_TXEnable(LPC_USART_T*)	16	static
uart_18xx_43xx.h:329:20:void Chip_UART_SendByte(LPC_USART_T*, uint8_t)	16	static
uart_18xx_43xx.h:342:23:uint8_t Chip_UART_ReadByte(LPC_USART_T*)	16	static
uart_18xx_43xx.h:425:20:void Chip_UART_ConfigData(LPC_USART_T*, uint32_t)	16	static
uart_18xx_43xx.h:512:24:uint32_t Chip_UART_ReadLineStatus(LPC_USART_T*)	16	static
coco_uart.cpp:27:6:void uart0::begin(uint32_t)	16	static
coco_uart.cpp:49:6:bool uart0::available()	120	static
coco_uart.cpp:89:6:void uart0::write(const char*)	16	static
coco_uart.cpp:119:6:void uart0::write(int)	64	dynamic
coco_uart.cpp:198:6:void uart0::write(char)	16	static
coco_uart.cpp:215:12:const char uart0::read()	16	static
coco_uart.cpp:231:8:char* uart0::readString()	16	static
coco_uart.cpp:249:6:void uart1::begin(uint32_t)	16	static
coco_uart.cpp:270:8:char* uart1::readString()	16	static
coco_uart.cpp:286:6:void uart1::write(const char*)	16	static
coco_uart.cpp:306:6:void uart1::write(int)	64	dynamic
coco_uart.cpp:396:6:void uart1::write(char)	16	static
coco_uart.cpp:413:12:const char uart1::read()	16	static
coco_uart.cpp:430:6:bool uart1::available()	120	static
coco_uart.cpp:472:6:void uart2::begin(uint32_t)	16	static
coco_uart.cpp:493:8:char* uart2::readString()	16	static
coco_uart.cpp:509:6:void uart2::write(const char*)	16	static
coco_uart.cpp:529:6:void uart2::write(int)	64	dynamic
coco_uart.cpp:618:6:void uart2::write(char)	16	static
coco_uart.cpp:635:12:const char uart2::read()	16	static
coco_uart.cpp:652:6:bool uart2::available()	120	static
