cmath:125:3:constexpr float std::atan(float)	16	static
coco_wire.h:15:7:Wire::Wire()	16	static
coco_mpu6050.cpp:7:6:void MPU6050::WriteReg(uint8_t, uint8_t)	24	static
coco_mpu6050.cpp:17:9:uint8_t MPU6050::ReadReg(uint8_t, uint8_t)	24	static
coco_mpu6050.cpp:26:1:MPU6050::MPU6050(uint8_t, uint8_t, uint8_t, float*, float*, float*, float*, float*, float*)	16	static
coco_mpu6050.cpp:56:7:float MPU6050::ComputeGyro()	32	static
coco_mpu6050.cpp:105:6:void MPU6050::ComputeAcc()	32	static
coco_mpu6050.cpp:155:9:int16_t MPU6050::ComputeTemp()	24	static
coco_mpu6050.cpp:169:6:void MPU6050::setFilterComp(float*, float*, float*)	24	static
coco_mpu6050.cpp:180:6:void MPU6050::ComputeFilterComp(uint32_t)	40	static
cmath:415:5:constexpr typename __gnu_cxx::__promote_2<_Tp, _Up>::__type std::pow(_Tp, _Up) [with _Tp = float; _Up = int]	24	static
coco_mpu6050.cpp:209:1:void __static_initialization_and_destruction_0(int, int)	16	static
coco_mpu6050.cpp:209:1:cpp)	8	static
