core_cm4.h:1467:22:void NVIC_EnableIRQ(IRQn_Type)	16	static
core_cm4.h:1520:22:void NVIC_ClearPendingIRQ(IRQn_Type)	16	static
timer_18xx_43xx.h:111:20:bool Chip_TIMER_MatchPending(LPC_TIMER_T*, int8_t)	16	static
timer_18xx_43xx.h:136:20:void Chip_TIMER_ClearMatch(LPC_TIMER_T*, int8_t)	16	static
timer_18xx_43xx.h:159:20:void Chip_TIMER_Enable(LPC_TIMER_T*)	16	static
timer_18xx_43xx.h:170:20:void Chip_TIMER_Disable(LPC_TIMER_T*)	16	static
timer_18xx_43xx.h:217:20:void Chip_TIMER_SetMatch(LPC_TIMER_T*, int8_t, uint32_t)	24	static
timer_18xx_43xx.h:248:20:void Chip_TIMER_MatchEnableInt(LPC_TIMER_T*, int8_t)	16	static
timer_18xx_43xx.h:270:20:void Chip_TIMER_ResetOnMatchEnable(LPC_TIMER_T*, int8_t)	16	static
coco_timer.cpp:21:6:void initTimer()	8	static
coco_timer.cpp:29:7:void TIMER0_IRQHandler()	8	static
coco_timer.cpp:58:6:bool delay(long int)	24	static
coco_timer.cpp:84:6:bool delayMicroseconds(long int)	24	static
coco_timer.cpp:109:10:uint32_t millis()	16	static
coco_timer.cpp:131:8:double millisMicroseconds()	16	static
