coco_wire.h:15:7:Wire::Wire()	16	static
coco_ak8963.cpp:8:6:void QMC5883L::WriteReg(uint8_t, uint8_t)	24	static
coco_ak8963.cpp:18:9:uint8_t QMC5883L::ReadReg(uint8_t, uint8_t)	24	static
coco_ak8963.cpp:27:1:QMC5883L::QMC5883L(uint8_t, int16_t*, int16_t*, int16_t*, float*)	24	static
coco_ak8963.cpp:45:6:void QMC5883L::ReadMag()	32	static
coco_ak8963.cpp:69:6:void QMC5883L::ComputeMag(float, float)	24	static
coco_ak8963.cpp:85:1:void __static_initialization_and_destruction_0(int, int)	16	static
coco_ak8963.cpp:85:1:cpp)	8	static
