Archive member included to satisfy reference by file (symbol)

C:\Proyecto ARDUCIAA\arduCIAA\coco_api\Debug\libcoco_api.a(coco_adc.o)
                              ./src/example.o (adc_init)
C:\Proyecto ARDUCIAA\arduCIAA\coco_api\Debug\libcoco_api.a(coco_gpio.o)
                              ./src/example.o (pinMode)
C:\Proyecto ARDUCIAA\arduCIAA\coco_api\Debug\libcoco_api.a(coco_pwm.o)
                              ./src/example.o (pwm_init)
C:\Proyecto ARDUCIAA\arduCIAA\coco_api\Debug\libcoco_api.a(coco_timer.o)
                              ./src/example.o (initTimer)
C:\Proyecto ARDUCIAA\arduCIAA\lpc_chip_43xx\Debug\liblpc_chip_43xx.a(adc_18xx_43xx.o)
                              C:\Proyecto ARDUCIAA\arduCIAA\coco_api\Debug\libcoco_api.a(coco_adc.o) (Chip_ADC_Init)
C:\Proyecto ARDUCIAA\arduCIAA\lpc_chip_43xx\Debug\liblpc_chip_43xx.a(chip_18xx_43xx.o)
                              C:\Proyecto ARDUCIAA\arduCIAA\coco_api\Debug\libcoco_api.a(coco_timer.o) (SystemCoreClock)
C:\Proyecto ARDUCIAA\arduCIAA\lpc_chip_43xx\Debug\liblpc_chip_43xx.a(clock_18xx_43xx.o)
                              C:\Proyecto ARDUCIAA\arduCIAA\lpc_chip_43xx\Debug\liblpc_chip_43xx.a(chip_18xx_43xx.o) (Chip_Clock_GetClockInputHz)
C:\Proyecto ARDUCIAA\arduCIAA\lpc_chip_43xx\Debug\liblpc_chip_43xx.a(fpu_init.o)
                              ./src/sysinit.o (fpuInit)
C:\Proyecto ARDUCIAA\arduCIAA\lpc_chip_43xx\Debug\liblpc_chip_43xx.a(sct_18xx_43xx.o)
                              C:\Proyecto ARDUCIAA\arduCIAA\coco_api\Debug\libcoco_api.a(coco_pwm.o) (Chip_SCT_Init)
C:\Proyecto ARDUCIAA\arduCIAA\lpc_chip_43xx\Debug\liblpc_chip_43xx.a(sct_pwm_18xx_43xx.o)
                              C:\Proyecto ARDUCIAA\arduCIAA\coco_api\Debug\libcoco_api.a(coco_pwm.o) (Chip_SCTPWM_SetOutPin)
C:\Proyecto ARDUCIAA\arduCIAA\lpc_chip_43xx\Debug\liblpc_chip_43xx.a(sysinit_18xx_43xx.o)
                              ./src/sysinit.o (Chip_SystemInit)
C:\Proyecto ARDUCIAA\arduCIAA\lpc_chip_43xx\Debug\liblpc_chip_43xx.a(timer_18xx_43xx.o)
                              C:\Proyecto ARDUCIAA\arduCIAA\coco_api\Debug\libcoco_api.a(coco_timer.o) (Chip_TIMER_Init)
c:/nxp/mcuxpressoide_11.2.1_4149/ide/plugins/com.nxp.mcuxpresso.tools.win32_11.2.0.202008311134/tools/bin/../lib/gcc/arm-none-eabi/9.2.1/thumb/v7e-m/nofp\libgcc.a(_arm_addsubdf3.o)
                              C:\Proyecto ARDUCIAA\arduCIAA\coco_api\Debug\libcoco_api.a(coco_timer.o) (__aeabi_dadd)
c:/nxp/mcuxpressoide_11.2.1_4149/ide/plugins/com.nxp.mcuxpresso.tools.win32_11.2.0.202008311134/tools/bin/../lib/gcc/arm-none-eabi/9.2.1/../../../../arm-none-eabi/lib/thumb/v7e-m/nofp\libc.a(lib_a-init.o)
                              ./src/cr_startup_lpc43xx.o (__libc_init_array)
c:/nxp/mcuxpressoide_11.2.1_4149/ide/plugins/com.nxp.mcuxpresso.tools.win32_11.2.0.202008311134/tools/bin/../lib/gcc/arm-none-eabi/9.2.1/../../../../arm-none-eabi/lib/thumb/v7e-m/nofp\libc.a(lib_a-malloc.o)
                              ./src/cr_cpp_config.o (malloc)
c:/nxp/mcuxpressoide_11.2.1_4149/ide/plugins/com.nxp.mcuxpresso.tools.win32_11.2.0.202008311134/tools/bin/../lib/gcc/arm-none-eabi/9.2.1/../../../../arm-none-eabi/lib/thumb/v7e-m/nofp\libc.a(lib_a-mallocr.o)
                              c:/nxp/mcuxpressoide_11.2.1_4149/ide/plugins/com.nxp.mcuxpresso.tools.win32_11.2.0.202008311134/tools/bin/../lib/gcc/arm-none-eabi/9.2.1/../../../../arm-none-eabi/lib/thumb/v7e-m/nofp\libc.a(lib_a-malloc.o) (_malloc_r)
c:/nxp/mcuxpressoide_11.2.1_4149/ide/plugins/com.nxp.mcuxpresso.tools.win32_11.2.0.202008311134/tools/bin/../lib/gcc/arm-none-eabi/9.2.1/../../../../arm-none-eabi/lib/thumb/v7e-m/nofp\libc.a(lib_a-memset.o)
                              C:\Proyecto ARDUCIAA\arduCIAA\lpc_chip_43xx\Debug\liblpc_chip_43xx.a(clock_18xx_43xx.o) (memset)
c:/nxp/mcuxpressoide_11.2.1_4149/ide/plugins/com.nxp.mcuxpresso.tools.win32_11.2.0.202008311134/tools/bin/../lib/gcc/arm-none-eabi/9.2.1/../../../../arm-none-eabi/lib/thumb/v7e-m/nofp\libc.a(lib_a-mlock.o)
                              c:/nxp/mcuxpressoide_11.2.1_4149/ide/plugins/com.nxp.mcuxpresso.tools.win32_11.2.0.202008311134/tools/bin/../lib/gcc/arm-none-eabi/9.2.1/../../../../arm-none-eabi/lib/thumb/v7e-m/nofp\libc.a(lib_a-mallocr.o) (__malloc_lock)
c:/nxp/mcuxpressoide_11.2.1_4149/ide/plugins/com.nxp.mcuxpresso.tools.win32_11.2.0.202008311134/tools/bin/../lib/gcc/arm-none-eabi/9.2.1/../../../../arm-none-eabi/lib/thumb/v7e-m/nofp\libc.a(lib_a-sbrkr.o)
                              c:/nxp/mcuxpressoide_11.2.1_4149/ide/plugins/com.nxp.mcuxpresso.tools.win32_11.2.0.202008311134/tools/bin/../lib/gcc/arm-none-eabi/9.2.1/../../../../arm-none-eabi/lib/thumb/v7e-m/nofp\libc.a(lib_a-mallocr.o) (_sbrk_r)
c:/nxp/mcuxpressoide_11.2.1_4149/ide/plugins/com.nxp.mcuxpresso.tools.win32_11.2.0.202008311134/tools/bin/../lib/gcc/arm-none-eabi/9.2.1/../../../../arm-none-eabi/lib/thumb/v7e-m/nofp\libc.a(lib_a-freer.o)
[...]
Memory Configuration

Name             Origin             Length             Attributes
MFlashA512       0x1a000000         0x00080000         xr
MFlashB512       0x1b000000         0x00080000         xr
RamLoc32         0x10000000         0x00008000         xrw
RamLoc40         0x10080000         0x0000a000         xrw
RamAHB32         0x20000000         0x00008000         xrw
RamAHB16         0x20008000         0x00004000         xrw
RamAHB_ETB16     0x2000c000         0x00004000         xrw
*default*        0x00000000         0xffffffff

Linker script and memory map

LOAD ./src/cr_cpp_config.o
LOAD ./src/cr_startup_lpc43xx.o
LOAD ./src/crp.o
LOAD ./src/example.o
LOAD ./src/sysinit.o
LOAD C:\Proyecto ARDUCIAA\arduCIAA\coco_api\Debug\libcoco_api.a
LOAD C:\Proyecto ARDUCIAA\arduCIAA\lpc_chip_43xx\Debug\liblpc_chip_43xx.a
START GROUP
LOAD c:/nxp/mcuxpressoide_11.2.1_4149/ide/plugins/com.nxp.mcuxpresso.tools.win32_11.2.0.202008311134/tools/bin/../lib/gcc/arm-none-eabi/9.2.1/thumb/v7e-m/nofp\libgcc.a
LOAD c:/nxp/mcuxpressoide_11.2.1_4149/ide/plugins/com.nxp.mcuxpresso.tools.win32_11.2.0.202008311134/tools/bin/../lib/gcc/arm-none-eabi/9.2.1/../../../../arm-none-eabi/lib/thumb/v7e-m/nofp\libc.a
LOAD c:/nxp/mcuxpressoide_11.2.1_4149/ide/plugins/com.nxp.mcuxpresso.tools.win32_11.2.0.202008311134/tools/bin/../lib/gcc/arm-none-eabi/9.2.1/../../../../arm-none-eabi/lib/thumb/v7e-m/nofp\libstdc++.a
LOAD c:/nxp/mcuxpressoide_11.2.1_4149/ide/plugins/com.nxp.mcuxpresso.tools.win32_11.2.0.202008311134/tools/bin/../lib/gcc/arm-none-eabi/9.2.1/../../../../arm-none-eabi/lib/thumb/v7e-m/nofp\libm.a
LOAD c:/nxp/mcuxpressoide_11.2.1_4149/ide/plugins/com.nxp.mcuxpresso.tools.win32_11.2.0.202008311134/tools/bin/../lib/gcc/arm-none-eabi/9.2.1/../../../../arm-none-eabi/lib/thumb/v7e-m/nofp\libcr_newlib_nohost.a
LOAD c:/nxp/mcuxpressoide_11.2.1_4149/ide/plugins/com.nxp.mcuxpresso.tools.win32_11.2.0.202008311134/tools/bin/../lib/gcc/arm-none-eabi/9.2.1/thumb/v7e-m/nofp\crti.o
LOAD c:/nxp/mcuxpressoide_11.2.1_4149/ide/plugins/com.nxp.mcuxpresso.tools.win32_11.2.0.202008311134/tools/bin/../lib/gcc/arm-none-eabi/9.2.1/thumb/v7e-m/nofp\crtn.o
LOAD c:/nxp/mcuxpressoide_11.2.1_4149/ide/plugins/com.nxp.mcuxpresso.tools.win32_11.2.0.202008311134/tools/bin/../lib/gcc/arm-none-eabi/9.2.1/thumb/v7e-m/nofp\crtbegin.o
LOAD c:/nxp/mcuxpressoide_11.2.1_4149/ide/plugins/com.nxp.mcuxpresso.tools.win32_11.2.0.202008311134/tools/bin/../lib/gcc/arm-none-eabi/9.2.1/thumb/v7e-m/nofp\crtend.o
END GROUP
                0x1a000000                __base_MFlashA512 = 0x1a000000
                0x1a000000                __base_Flash = 0x1a000000
                0x1a080000                __top_MFlashA512 = 0x1a080000
                0x1a080000                __top_Flash = 0x1a080000
                0x1b000000                __base_MFlashB512 = 0x1b000000
                0x1b000000                __base_Flash2 = 0x1b000000
                0x1b080000                __top_MFlashB512 = 0x1b080000
                0x1b080000                __top_Flash2 = 0x1b080000
                0x10000000                __base_RamLoc32 = 0x10000000
                0x10000000                __base_RAM = 0x10000000
                0x10008000                __top_RamLoc32 = 0x10008000
                0x10008000                __top_RAM = 0x10008000
                0x10080000                __base_RamLoc40 = 0x10080000
                0x10080000                __base_RAM2 = 0x10080000
                0x1008a000                __top_RamLoc40 = 0x1008a000
                0x1008a000                __top_RAM2 = 0x1008a000
                0x20000000                __base_RamAHB32 = 0x20000000
                0x20000000                __base_RAM3 = 0x20000000
                0x20008000                __top_RamAHB32 = 0x20008000
                0x20008000                __top_RAM3 = 0x20008000
                0x20008000                __base_RamAHB16 = 0x20008000
                0x20008000                __base_RAM4 = 0x20008000
                0x2000c000                __top_RamAHB16 = 0x2000c000
                0x2000c000                __top_RAM4 = 0x2000c000
                0x2000c000                __base_RamAHB_ETB16 = 0x2000c000
                0x2000c000                __base_RAM5 = 0x2000c000
                0x20010000                __top_RamAHB_ETB16 = 0x20010000
                0x20010000                __top_RAM5 = 0x20010000

.text_Flash2    0x1b000000        0x0
 FILL mask 0xff
 *(.text_Flash2)
 *(.text_MFlashB512)
 *(.text.$Flash2)
 *(.text.$MFlashB512)
 *(.text_Flash2.*)
 *(.text_MFlashB512.*)
 *(.text.$Flash2.*)
 *(.text.$MFlashB512.*)
 *(.rodata.$Flash2)
 *(.rodata.$MFlashB512)
 *(.rodata.$Flash2.*)
 *(.rodata.$MFlashB512.*)

.text           0x1a000000     0x21ec
 FILL mask 0xff
                0x1a000000                __vectors_start__ = ABSOLUTE (.)
 *(.isr_vector)
 .isr_vector    0x1a000000      0x114 ./src/cr_startup_lpc43xx.o
                0x1a000000                g_pfnVectors
                0x1a000114                . = ALIGN (0x4)
                0x1a000114                __section_table_start = .
                0x1a000114                __data_section_table = .
                0x1a000114        0x4 LONG 0x1a0021ec LOADADDR (.data)
                0x1a000118        0x4 LONG 0x10000000 ADDR (.data)
                0x1a00011c        0x4 LONG 0x8 SIZEOF (.data)
                0x1a000120        0x4 LONG 0x1a0021ec LOADADDR (.data_RAM2)
                0x1a000124        0x4 LONG 0x10080000 ADDR (.data_RAM2)
                0x1a000128        0x4 LONG 0x0 SIZEOF (.data_RAM2)
                0x1a00012c        0x4 LONG 0x1a0021ec LOADADDR (.data_RAM3)
                0x1a000130        0x4 LONG 0x20000000 ADDR (.data_RAM3)
                0x1a000134        0x4 LONG 0x0 SIZEOF (.data_RAM3)
                0x1a000138        0x4 LONG 0x1a0021ec LOADADDR (.data_RAM4)
                0x1a00013c        0x4 LONG 0x20008000 ADDR (.data_RAM4)
                0x1a000140        0x4 LONG 0x0 SIZEOF (.data_RAM4)
                0x1a000144        0x4 LONG 0x1a0021ec LOADADDR (.data_RAM5)
                0x1a000148        0x4 LONG 0x2000c000 ADDR (.data_RAM5)
                0x1a00014c        0x4 LONG 0x0 SIZEOF (.data_RAM5)
                0x1a000150                __data_section_table_end = .
                0x1a000150                __bss_section_table = .
                0x1a000150        0x4 LONG 0x10000008 ADDR (.bss)
                0x1a000154        0x4 LONG 0x48 SIZEOF (.bss)
                0x1a000158        0x4 LONG 0x10080000 ADDR (.bss_RAM2)
                0x1a00015c        0x4 LONG 0x0 SIZEOF (.bss_RAM2)
                0x1a000160        0x4 LONG 0x20000000 ADDR (.bss_RAM3)
                0x1a000164        0x4 LONG 0x0 SIZEOF (.bss_RAM3)
                0x1a000168        0x4 LONG 0x20008000 ADDR (.bss_RAM4)
                0x1a00016c        0x4 LONG 0x0 SIZEOF (.bss_RAM4)
                0x1a000170        0x4 LONG 0x2000c000 ADDR (.bss_RAM5)
                0x1a000174        0x4 LONG 0x0 SIZEOF (.bss_RAM5)
                0x1a000178                __bss_section_table_end = .
                0x1a000178                __section_table_end = .
 *(.after_vectors*)
 .after_vectors
                0x1a000178       0xb8 ./src/cr_startup_lpc43xx.o
                0x1a000178                data_init(unsigned int, unsigned int, unsigned int)
                0x1a0001bc                bss_init(unsigned int, unsigned int)
                0x1a0001f4                NMI_Handler
                0x1a0001fa                HardFault_Handler
                0x1a000200                MemManage_Handler
                0x1a000206                BusFault_Handler
                0x1a00020c                UsageFault_Handler
                0x1a000212                SVC_Handler
                0x1a000218                DebugMon_Handler
                0x1a00021e                PendSV_Handler
                0x1a000224                SysTick_Handler
                0x1a00022a                ATIMER_IRQHandler
                0x1a00022a                I2C1_IRQHandler
                0x1a00022a                UART1_IRQHandler
                0x1a00022a                GPIO5_IRQHandler
                0x1a00022a                CAN1_IRQHandler
                0x1a00022a                USB1_IRQHandler
                0x1a00022a                I2S0_IRQHandler
                0x1a00022a                TIMER3_IRQHandler
                0x1a00022a                UART0_IRQHandler
                0x1a00022a                SGPIO_IRQHandler
                0x1a00022a                I2C0_IRQHandler
                0x1a00022a                FLASH_EEPROM_IRQHandler
                0x1a00022a                GPIO6_IRQHandler
                0x1a00022a                IntDefaultHandler
                0x1a00022a                GPIO1_IRQHandler
                0x1a00022a                SSP0_IRQHandler
                0x1a00022a                ADC1_IRQHandler
                0x1a00022a                RTC_IRQHandler
                0x1a00022a                SPI_IRQHandler
                0x1a00022a                LCD_IRQHandler
                0x1a00022a                UART2_IRQHandler
                0x1a00022a                GPIO2_IRQHandler
                0x1a00022a                I2S1_IRQHandler
                0x1a00022a                SSP1_IRQHandler
                0x1a00022a                ADCHS_IRQHandler
                0x1a00022a                USB0_IRQHandler
                0x1a00022a                GPIO3_IRQHandler
                0x1a00022a                SCT_IRQHandler
                0x1a00022a                RIT_IRQHandler
                0x1a00022a                SDIO_IRQHandler
                0x1a00022a                WDT_IRQHandler
                0x1a00022a                ADC0_IRQHandler
                0x1a00022a                GPIO7_IRQHandler
                0x1a00022a                SPIFI_IRQHandler
                0x1a00022a                QEI_IRQHandler
                0x1a00022a                ETH_IRQHandler
                0x1a00022a                CAN0_IRQHandler
                0x1a00022a                GINT0_IRQHandler
                0x1a00022a                DAC_IRQHandler
                0x1a00022a                M0SUB_IRQHandler
                0x1a00022a                GPIO0_IRQHandler
                0x1a00022a                DMA_IRQHandler
                0x1a00022a                EVRT_IRQHandler
                0x1a00022a                TIMER2_IRQHandler
                0x1a00022a                UART3_IRQHandler
                0x1a00022a                MCPWM_IRQHandler
                0x1a00022a                M0APP_IRQHandler
                0x1a00022a                GINT1_IRQHandler
                0x1a00022a                GPIO4_IRQHandler
                0x000002fc                . = 0x2fc
 *fill*         0x1a000230       0xcc ff
                0x1a0002fc                PROVIDE (__CRP_WORD_START__ = .)
 *(.crp)
 .crp           0x1a0002fc        0x4 ./src/crp.o
                0x1a0002fc                CRP_WORD
                0x1a000300                PROVIDE (__CRP_WORD_END__ = .)
                0x00000001                ASSERT (! ((__CRP_WORD_START__ == __CRP_WORD_END__)), Linker CRP Enabled, but no CRP_WORD provided within application)
 *(.text*)
 .text.ResetISR
                0x1a000300       0xc8 ./src/cr_startup_lpc43xx.o
                0x1a000300                ResetISR
 .text._ZN4WireC2Ev
                0x1a0003c8       0x22 ./src/example.o
                0x1a0003c8                Wire::Wire()
                0x1a0003c8                Wire::Wire()
 .text._coco    0x1a0003ea       0x1a ./src/example.o
                0x1a0003ea                _coco
 .text.main     0x1a000404       0x48 ./src/example.o
                0x1a000404                main
 .text._Z41__static_initialization_and_destruction_0ii
                0x1a00044c       0x2c ./src/example.o
 .text._GLOBAL__sub_I_my_reverse
                0x1a000478       0x10 ./src/example.o
 .text.SystemInit
                0x1a000488       0x28 ./src/sysinit.o
                0x1a000488                SystemInit
 .text.adc_init
                0x1a0004b0       0xf8 C:\Proyecto ARDUCIAA\arduCIAA\coco_api\Debug\libcoco_api.a(coco_adc.o)
                0x1a0004b0                adc_init
 .text.Chip_SCU_PinMuxSet
                0x1a0005a8       0x34 C:\Proyecto ARDUCIAA\arduCIAA\coco_api\Debug\libcoco_api.a(coco_gpio.o)
 .text.Chip_GPIO_SetPinState
                0x1a0005dc       0x38 C:\Proyecto ARDUCIAA\arduCIAA\coco_api\Debug\libcoco_api.a(coco_gpio.o)
 .text.Chip_GPIO_GetPinState
                0x1a000614       0x36 C:\Proyecto ARDUCIAA\arduCIAA\coco_api\Debug\libcoco_api.a(coco_gpio.o)
 .text.Chip_GPIO_SetPinDIROutput
                0x1a00064a       0x3e C:\Proyecto ARDUCIAA\arduCIAA\coco_api\Debug\libcoco_api.a(coco_gpio.o)
 .text.Chip_GPIO_SetPinDIRInput
                0x1a000688       0x40 C:\Proyecto ARDUCIAA\arduCIAA\coco_api\Debug\libcoco_api.a(coco_gpio.o)
 .text.pinMode  0x1a0006c8       0x88 C:\Proyecto ARDUCIAA\arduCIAA\coco_api\Debug\libcoco_api.a(coco_gpio.o)
                0x1a0006c8                pinMode
 .text.digitalWrite
                0x1a000750       0x50 C:\Proyecto ARDUCIAA\arduCIAA\coco_api\Debug\libcoco_api.a(coco_gpio.o)
                0x1a000750                digitalWrite
 .text.digitalRead
                0x1a0007a0       0x4c C:\Proyecto ARDUCIAA\arduCIAA\coco_api\Debug\libcoco_api.a(coco_gpio.o)
                0x1a0007a0                digitalRead
 .text.Chip_SCT_ClearControl
                0x1a0007ec       0x24 C:\Proyecto ARDUCIAA\arduCIAA\coco_api\Debug\libcoco_api.a(coco_pwm.o)
 .text.Chip_SCTPWM_Init
                0x1a000810       0x16 C:\Proyecto ARDUCIAA\arduCIAA\coco_api\Debug\libcoco_api.a(coco_pwm.o)
 .text.Chip_SCTPWM_Start
                0x1a000826       0x1a C:\Proyecto ARDUCIAA\arduCIAA\coco_api\Debug\libcoco_api.a(coco_pwm.o)
 .text.pwm_init
                0x1a000840       0x22 C:\Proyecto ARDUCIAA\arduCIAA\coco_api\Debug\libcoco_api.a(coco_pwm.o)
                0x1a000840                pwm_init
 *fill*         0x1a000862        0x2 ff
 .text.NVIC_EnableIRQ
                0x1a000864       0x34 C:\Proyecto ARDUCIAA\arduCIAA\coco_api\Debug\libcoco_api.a(coco_timer.o)
 .text.NVIC_ClearPendingIRQ
                0x1a000898       0x34 C:\Proyecto ARDUCIAA\arduCIAA\coco_api\Debug\libcoco_api.a(coco_timer.o)
 .text.Chip_TIMER_MatchPending
                0x1a0008cc       0x34 C:\Proyecto ARDUCIAA\arduCIAA\coco_api\Debug\libcoco_api.a(coco_timer.o)
 .text.Chip_TIMER_ClearMatch
                0x1a000900       0x28 C:\Proyecto ARDUCIAA\arduCIAA\coco_api\Debug\libcoco_api.a(coco_timer.o)
 .text.Chip_TIMER_Enable
                0x1a000928       0x20 C:\Proyecto ARDUCIAA\arduCIAA\coco_api\Debug\libcoco_api.a(coco_timer.o)
 .text.Chip_TIMER_SetMatch
                0x1a000948       0x28 C:\Proyecto ARDUCIAA\arduCIAA\coco_api\Debug\libcoco_api.a(coco_timer.o)
 .text.Chip_TIMER_MatchEnableInt
                0x1a000970       0x34 C:\Proyecto ARDUCIAA\arduCIAA\coco_api\Debug\libcoco_api.a(coco_timer.o)
 .text.Chip_TIMER_ResetOnMatchEnable
                0x1a0009a4       0x36 C:\Proyecto ARDUCIAA\arduCIAA\coco_api\Debug\libcoco_api.a(coco_timer.o)
 *fill*         0x1a0009da        0x2 ff
 .text.initTimer
                0x1a0009dc       0x68 C:\Proyecto ARDUCIAA\arduCIAA\coco_api\Debug\libcoco_api.a(coco_timer.o)
                0x1a0009dc                initTimer
 .text.TIMER0_IRQHandler
                0x1a000a44       0x2c C:\Proyecto ARDUCIAA\arduCIAA\coco_api\Debug\libcoco_api.a(coco_timer.o)
                0x1a000a44                TIMER0_IRQHandler
 .text.TIMER1_IRQHandler
                0x1a000a70       0x44 C:\Proyecto ARDUCIAA\arduCIAA\coco_api\Debug\libcoco_api.a(coco_timer.o)
                0x1a000a70                TIMER1_IRQHandler
 .text.getFullConvClk
                0x1a000ab4       0x10 C:\Proyecto ARDUCIAA\arduCIAA\lpc_chip_43xx\Debug\liblpc_chip_43xx.a(adc_18xx_43xx.o)
 .text.Chip_ADC_GetClockIndex
                0x1a000ac4       0x2c C:\Proyecto ARDUCIAA\arduCIAA\lpc_chip_43xx\Debug\liblpc_chip_43xx.a(adc_18xx_43xx.o)
 .text.getClkDiv
                0x1a000af0       0x66 C:\Proyecto ARDUCIAA\arduCIAA\lpc_chip_43xx\Debug\liblpc_chip_43xx.a(adc_18xx_43xx.o)
 .text.setStartMode
                0x1a000b56       0x2e C:\Proyecto ARDUCIAA\arduCIAA\lpc_chip_43xx\Debug\liblpc_chip_43xx.a(adc_18xx_43xx.o)
                0x1a000b56                setStartMode
 .text.Chip_ADC_Init
                0x1a000b84       0x88 C:\Proyecto ARDUCIAA\arduCIAA\lpc_chip_43xx\Debug\liblpc_chip_43xx.a(adc_18xx_43xx.o)
                0x1a000b84                Chip_ADC_Init
 .text.Chip_ADC_Int_SetChannelCmd
                0x1a000c0c       0x4a C:\Proyecto ARDUCIAA\arduCIAA\lpc_chip_43xx\Debug\liblpc_chip_43xx.a(adc_18xx_43xx.o)
                0x1a000c0c                Chip_ADC_Int_SetChannelCmd
 .text.Chip_ADC_SetSampleRate
                0x1a000c56       0x64 C:\Proyecto ARDUCIAA\arduCIAA\lpc_chip_43xx\Debug\liblpc_chip_43xx.a(adc_18xx_43xx.o)
                0x1a000c56                Chip_ADC_SetSampleRate
 .text.Chip_ADC_SetResolution
                0x1a000cba       0x2a C:\Proyecto ARDUCIAA\arduCIAA\lpc_chip_43xx\Debug\liblpc_chip_43xx.a(adc_18xx_43xx.o)
                0x1a000cba                Chip_ADC_SetResolution
 .text.Chip_ADC_EnableChannel
                0x1a000ce4       0x56 C:\Proyecto ARDUCIAA\arduCIAA\lpc_chip_43xx\Debug\liblpc_chip_43xx.a(adc_18xx_43xx.o)
                0x1a000ce4                Chip_ADC_EnableChannel
 .text.Chip_ADC_SetBurstCmd
                0x1a000d3a       0x3c C:\Proyecto ARDUCIAA\arduCIAA\lpc_chip_43xx\Debug\liblpc_chip_43xx.a(adc_18xx_43xx.o)
                0x1a000d3a                Chip_ADC_SetBurstCmd
 *fill*         0x1a000d76        0x2 ff
 .text.SystemCoreClockUpdate
                0x1a000d78       0x18 C:\Proyecto ARDUCIAA\arduCIAA\lpc_chip_43xx\Debug\liblpc_chip_43xx.a(chip_18xx_43xx.o)
                0x1a000d78                SystemCoreClockUpdate
 .text.ABS      0x1a000d90       0x22 C:\Proyecto ARDUCIAA\arduCIAA\lpc_chip_43xx\Debug\liblpc_chip_43xx.a(clock_18xx_43xx.o)
 *fill*         0x1a000db2        0x2 ff
 .text.pll_calc_divs
                0x1a000db4      0x124 C:\Proyecto ARDUCIAA\arduCIAA\lpc_chip_43xx\Debug\liblpc_chip_43xx.a(clock_18xx_43xx.o)
 .text.pll_get_frac
                0x1a000ed8      0x176 C:\Proyecto ARDUCIAA\arduCIAA\lpc_chip_43xx\Debug\liblpc_chip_43xx.a(clock_18xx_43xx.o)
 .text.Chip_Clock_GetDivRate
                0x1a00104e       0x40 C:\Proyecto ARDUCIAA\arduCIAA\lpc_chip_43xx\Debug\liblpc_chip_43xx.a(clock_18xx_43xx.o)
 *fill*         0x1a00108e        0x2 ff
 .text.Chip_Clock_FindBaseClock
                0x1a001090       0x90 C:\Proyecto ARDUCIAA\arduCIAA\lpc_chip_43xx\Debug\liblpc_chip_43xx.a(clock_18xx_43xx.o)
 .text.Chip_Clock_EnableCrystal
                0x1a001120       0x70 C:\Proyecto ARDUCIAA\arduCIAA\lpc_chip_43xx\Debug\liblpc_chip_43xx.a(clock_18xx_43xx.o)
                0x1a001120                Chip_Clock_EnableCrystal
 .text.Chip_Clock_CalcMainPLLValue
                0x1a001190       0xd8 C:\Proyecto ARDUCIAA\arduCIAA\lpc_chip_43xx\Debug\liblpc_chip_43xx.a(clock_18xx_43xx.o)
                0x1a001190                Chip_Clock_CalcMainPLLValue
 .text.Chip_Clock_GetMainPLLHz
                0x1a001268       0xbc C:\Proyecto ARDUCIAA\arduCIAA\lpc_chip_43xx\Debug\liblpc_chip_43xx.a(clock_18xx_43xx.o)
                0x1a001268                Chip_Clock_GetMainPLLHz
 .text.Chip_Clock_GetDividerSource
                0x1a001324       0x40 C:\Proyecto ARDUCIAA\arduCIAA\lpc_chip_43xx\Debug\liblpc_chip_43xx.a(clock_18xx_43xx.o)
                0x1a001324                Chip_Clock_GetDividerSource
 .text.Chip_Clock_GetDividerDivisor
                0x1a001364       0x38 C:\Proyecto ARDUCIAA\arduCIAA\lpc_chip_43xx\Debug\liblpc_chip_43xx.a(clock_18xx_43xx.o)
                0x1a001364                Chip_Clock_GetDividerDivisor
 .text.Chip_Clock_GetClockInputHz
                0x1a00139c      0x140 C:\Proyecto ARDUCIAA\arduCIAA\lpc_chip_43xx\Debug\liblpc_chip_43xx.a(clock_18xx_43xx.o)
                0x1a00139c                Chip_Clock_GetClockInputHz
 .text.Chip_Clock_GetBaseClocktHz
                0x1a0014dc       0x24 C:\Proyecto ARDUCIAA\arduCIAA\lpc_chip_43xx\Debug\liblpc_chip_43xx.a(clock_18xx_43xx.o)
                0x1a0014dc                Chip_Clock_GetBaseClocktHz
 .text.Chip_Clock_SetBaseClock
                0x1a001500       0x9c C:\Proyecto ARDUCIAA\arduCIAA\lpc_chip_43xx\Debug\liblpc_chip_43xx.a(clock_18xx_43xx.o)
                0x1a001500                Chip_Clock_SetBaseClock
 .text.Chip_Clock_GetBaseClock
                0x1a00159c       0x4c C:\Proyecto ARDUCIAA\arduCIAA\lpc_chip_43xx\Debug\liblpc_chip_43xx.a(clock_18xx_43xx.o)
                0x1a00159c                Chip_Clock_GetBaseClock
 .text.Chip_Clock_EnableOpts
                0x1a0015e8       0x7c C:\Proyecto ARDUCIAA\arduCIAA\lpc_chip_43xx\Debug\liblpc_chip_43xx.a(clock_18xx_43xx.o)
                0x1a0015e8                Chip_Clock_EnableOpts
 .text.Chip_Clock_Enable
                0x1a001664       0x60 C:\Proyecto ARDUCIAA\arduCIAA\lpc_chip_43xx\Debug\liblpc_chip_43xx.a(clock_18xx_43xx.o)
                0x1a001664                Chip_Clock_Enable
 .text.Chip_Clock_GetRate
                0x1a0016c4       0x88 C:\Proyecto ARDUCIAA\arduCIAA\lpc_chip_43xx\Debug\liblpc_chip_43xx.a(clock_18xx_43xx.o)
                0x1a0016c4                Chip_Clock_GetRate
 .text.fpuInit  0x1a00174c       0x74 C:\Proyecto ARDUCIAA\arduCIAA\lpc_chip_43xx\Debug\liblpc_chip_43xx.a(fpu_init.o)
                0x1a00174c                fpuInit
 .text.Chip_SCT_Init
                0x1a0017c0       0x1c C:\Proyecto ARDUCIAA\arduCIAA\lpc_chip_43xx\Debug\liblpc_chip_43xx.a(sct_18xx_43xx.o)
                0x1a0017c0                Chip_SCT_Init
 .text.Chip_SCT_Config
                0x1a0017dc       0x1c C:\Proyecto ARDUCIAA\arduCIAA\lpc_chip_43xx\Debug\liblpc_chip_43xx.a(sct_pwm_18xx_43xx.o)
 .text.Chip_SCT_SetMatchCount
                0x1a0017f8       0x26 C:\Proyecto ARDUCIAA\arduCIAA\lpc_chip_43xx\Debug\liblpc_chip_43xx.a(sct_pwm_18xx_43xx.o)
 .text.Chip_SCT_SetControl
                0x1a00181e       0x22 C:\Proyecto ARDUCIAA\arduCIAA\lpc_chip_43xx\Debug\liblpc_chip_43xx.a(sct_pwm_18xx_43xx.o)
 .text.Chip_SCT_SetMatchReload
                0x1a001840       0x26 C:\Proyecto ARDUCIAA\arduCIAA\lpc_chip_43xx\Debug\liblpc_chip_43xx.a(sct_pwm_18xx_43xx.o)
 .text.Chip_SCTPWM_Stop
                0x1a001866       0x24 C:\Proyecto ARDUCIAA\arduCIAA\lpc_chip_43xx\Debug\liblpc_chip_43xx.a(sct_pwm_18xx_43xx.o)
 *fill*         0x1a00188a        0x2 ff
 .text.Chip_SCTPWM_SetRate
                0x1a00188c       0x70 C:\Proyecto ARDUCIAA\arduCIAA\lpc_chip_43xx\Debug\liblpc_chip_43xx.a(sct_pwm_18xx_43xx.o)
                0x1a00188c                Chip_SCTPWM_SetRate
 .text.Chip_Clock_DisableMainPLL
                0x1a0018fc       0x20 C:\Proyecto ARDUCIAA\arduCIAA\lpc_chip_43xx\Debug\liblpc_chip_43xx.a(sysinit_18xx_43xx.o)
 .text.Chip_Clock_SetupMainPLL
                0x1a00191c       0x44 C:\Proyecto ARDUCIAA\arduCIAA\lpc_chip_43xx\Debug\liblpc_chip_43xx.a(sysinit_18xx_43xx.o)
 .text.Chip_Clock_MainPLLLocked
                0x1a001960       0x24 C:\Proyecto ARDUCIAA\arduCIAA\lpc_chip_43xx\Debug\liblpc_chip_43xx.a(sysinit_18xx_43xx.o)
 .text.Chip_SetupCoreClock
                0x1a001984      0x15c C:\Proyecto ARDUCIAA\arduCIAA\lpc_chip_43xx\Debug\liblpc_chip_43xx.a(sysinit_18xx_43xx.o)
                0x1a001984                Chip_SetupCoreClock
 .text.Chip_SetupIrcClocking
                0x1a001ae0       0x18 C:\Proyecto ARDUCIAA\arduCIAA\lpc_chip_43xx\Debug\liblpc_chip_43xx.a(sysinit_18xx_43xx.o)
                0x1a001ae0                Chip_SetupIrcClocking
 .text.Chip_SystemInit
                0x1a001af8        0xc C:\Proyecto ARDUCIAA\arduCIAA\lpc_chip_43xx\Debug\liblpc_chip_43xx.a(sysinit_18xx_43xx.o)
                0x1a001af8                Chip_SystemInit
 .text.Chip_TIMER_GetClockIndex
                0x1a001b04       0x50 C:\Proyecto ARDUCIAA\arduCIAA\lpc_chip_43xx\Debug\liblpc_chip_43xx.a(timer_18xx_43xx.o)
 .text.Chip_TIMER_Init
                0x1a001b54       0x1e C:\Proyecto ARDUCIAA\arduCIAA\lpc_chip_43xx\Debug\liblpc_chip_43xx.a(timer_18xx_43xx.o)
                0x1a001b54                Chip_TIMER_Init
 .text.Chip_TIMER_Reset
                0x1a001b72       0x3c C:\Proyecto ARDUCIAA\arduCIAA\lpc_chip_43xx\Debug\liblpc_chip_43xx.a(timer_18xx_43xx.o)
                0x1a001b72                Chip_TIMER_Reset
 *fill*         0x1a001bae        0x2 ff
 .text          0x1a001bb0      0x378 c:/nxp/mcuxpressoide_11.2.1_4149/ide/plugins/com.nxp.mcuxpresso.tools.win32_11.2.0.202008311134/tools/bin/../lib/gcc/arm-none-eabi/9.2.1/thumb/v7e-m/nofp\libgcc.a(_arm_addsubdf3.o)
                0x1a001bb0                __aeabi_drsub
                0x1a001bb8                __aeabi_dsub
                0x1a001bb8                __subdf3
                0x1a001bbc                __aeabi_dadd
                0x1a001bbc                __adddf3
                0x1a001e34                __floatunsidf
                0x1a001e34                __aeabi_ui2d
                0x1a001e54                __floatsidf
                0x1a001e54                __aeabi_i2d
                0x1a001e78                __aeabi_f2d
                0x1a001e78                __extendsfdf2
                0x1a001ebc                __floatundidf
                0x1a001ebc                __aeabi_ul2d
                0x1a001ecc                __floatdidf
                0x1a001ecc                __aeabi_l2d
 .text.__libc_init_array
                0x1a001f28       0x48 c:/nxp/mcuxpressoide_11.2.1_4149/ide/plugins/com.nxp.mcuxpresso.tools.win32_11.2.0.202008311134/tools/bin/../lib/gcc/arm-none-eabi/9.2.1/../../../../arm-none-eabi/lib/thumb/v7e-m/nofp\libc.a(lib_a-init.o)
                0x1a001f28                __libc_init_array
 .text.memset   0x1a001f70       0xa0 c:/nxp/mcuxpressoide_11.2.1_4149/ide/plugins/com.nxp.mcuxpresso.tools.win32_11.2.0.202008311134/tools/bin/../lib/gcc/arm-none-eabi/9.2.1/../../../../arm-none-eabi/lib/thumb/v7e-m/nofp\libc.a(lib_a-memset.o)
                0x1a001f70                memset
 .text          0x1a002010       0x40 c:/nxp/mcuxpressoide_11.2.1_4149/ide/plugins/com.nxp.mcuxpresso.tools.win32_11.2.0.202008311134/tools/bin/../lib/gcc/arm-none-eabi/9.2.1/thumb/v7e-m/nofp\crtbegin.o
 *(.rodata .rodata.* .constdata .constdata.*)
 .rodata.ExtRateIn
                0x1a002050        0x4 ./src/sysinit.o
                0x1a002050                ExtRateIn
 .rodata.OscRateIn
                0x1a002054        0x4 ./src/sysinit.o
                0x1a002054                OscRateIn
 .rodata._ZL11digitalPins
                0x1a002058       0xb8 C:\Proyecto ARDUCIAA\arduCIAA\coco_api\Debug\libcoco_api.a(coco_gpio.o)
 .rodata.periph_to_base
                0x1a002110       0x6c C:\Proyecto ARDUCIAA\arduCIAA\lpc_chip_43xx\Debug\liblpc_chip_43xx.a(clock_18xx_43xx.o)
 .rodata.Chip_Clock_SetDivider.str1.4
                0x1a00217c        0x6 C:\Proyecto ARDUCIAA\arduCIAA\lpc_chip_43xx\Debug\liblpc_chip_43xx.a(clock_18xx_43xx.o)
 *fill*         0x1a002182        0x2 ff
 .rodata.InitClkStates
                0x1a002184       0x48 C:\Proyecto ARDUCIAA\arduCIAA\lpc_chip_43xx\Debug\liblpc_chip_43xx.a(sysinit_18xx_43xx.o)
                0x1a0021cc                . = ALIGN (0x4)
                0x1a0021cc                . = ALIGN (0x4)
 *(.init)
 .init          0x1a0021cc        0x4 c:/nxp/mcuxpressoide_11.2.1_4149/ide/plugins/com.nxp.mcuxpresso.tools.win32_11.2.0.202008311134/tools/bin/../lib/gcc/arm-none-eabi/9.2.1/thumb/v7e-m/nofp\crti.o
                0x1a0021cc                _init
 .init          0x1a0021d0        0x8 c:/nxp/mcuxpressoide_11.2.1_4149/ide/plugins/com.nxp.mcuxpresso.tools.win32_11.2.0.202008311134/tools/bin/../lib/gcc/arm-none-eabi/9.2.1/thumb/v7e-m/nofp\crtn.o
                0x1a0021d8                . = ALIGN (0x4)
                0x1a0021d8                __preinit_array_start = .
 *(.preinit_array)
                0x1a0021d8                __preinit_array_end = .
                0x1a0021d8                . = ALIGN (0x4)
                0x1a0021d8                __init_array_start = .
 *(SORT_BY_NAME(.init_array.*))
 *(.init_array)
 .init_array    0x1a0021d8        0x4 ./src/example.o
 .init_array    0x1a0021dc        0x4 c:/nxp/mcuxpressoide_11.2.1_4149/ide/plugins/com.nxp.mcuxpresso.tools.win32_11.2.0.202008311134/tools/bin/../lib/gcc/arm-none-eabi/9.2.1/thumb/v7e-m/nofp\crtbegin.o
                0x1a0021e0                __init_array_end = .
 *(.fini)
 .fini          0x1a0021e0        0x4 c:/nxp/mcuxpressoide_11.2.1_4149/ide/plugins/com.nxp.mcuxpresso.tools.win32_11.2.0.202008311134/tools/bin/../lib/gcc/arm-none-eabi/9.2.1/thumb/v7e-m/nofp\crti.o
                0x1a0021e0                _fini
 .fini          0x1a0021e4        0x8 c:/nxp/mcuxpressoide_11.2.1_4149/ide/plugins/com.nxp.mcuxpresso.tools.win32_11.2.0.202008311134/tools/bin/../lib/gcc/arm-none-eabi/9.2.1/thumb/v7e-m/nofp\crtn.o
                0x1a0021ec                . = ALIGN (0x4)
 *crtbegin.o(.ctors)
 *(EXCLUDE_FILE(*crtend.o) .ctors)
 *(SORT_BY_NAME(.ctors.*))
 *crtend.o(.ctors)
                0x1a0021ec                . = ALIGN (0x4)
 *crtbegin.o(.dtors)
 *(EXCLUDE_FILE(*crtend.o) .dtors)
 *(SORT_BY_NAME(.dtors.*))
 *crtend.o(.dtors)
                0x1a0021ec                . = ALIGN (0x4)

.glue_7         0x1a0021ec        0x0
 .glue_7        0x1a0021ec        0x0 linker stubs

.glue_7t        0x1a0021ec        0x0
 .glue_7t       0x1a0021ec        0x0 linker stubs

.vfp11_veneer   0x1a0021ec        0x0
 .vfp11_veneer  0x1a0021ec        0x0 linker stubs

.v4_bx          0x1a0021ec        0x0
 .v4_bx         0x1a0021ec        0x0 linker stubs

.iplt           0x1a0021ec        0x0
 .iplt          0x1a0021ec        0x0 ./src/cr_startup_lpc43xx.o

.rel.dyn        0x1a0021ec        0x0
 .rel.iplt      0x1a0021ec        0x0 ./src/cr_startup_lpc43xx.o

.eh_frame       0x1a0021ec        0x0
 .eh_frame      0x1a0021ec        0x0 c:/nxp/mcuxpressoide_11.2.1_4149/ide/plugins/com.nxp.mcuxpresso.tools.win32_11.2.0.202008311134/tools/bin/../lib/gcc/arm-none-eabi/9.2.1/thumb/v7e-m/nofp\crtbegin.o

.ARM.extab
 *(.ARM.extab* .gnu.linkonce.armextab.*)

.ARM.exidx      0x1a0021ec        0x0
                0x1a0021ec                __exidx_start = .
 *(.ARM.exidx* .gnu.linkonce.armexidx.*)
                0x1a0021ec                __exidx_end = .
                0x1a0021ec                _etext = .

.data_RAM2      0x10080000        0x0 load address 0x1a0021ec
 FILL mask 0xff
                [!provide]                PROVIDE (__start_data_RAM2 = .)
                [!provide]                PROVIDE (__start_data_RamLoc40 = .)
 *(.ramfunc.$RAM2)
 *(.ramfunc.$RamLoc40)
 *(.data.$RAM2)
 *(.data.$RamLoc40)
 *(.data.$RAM2.*)
 *(.data.$RamLoc40.*)
                0x10080000                . = ALIGN (0x4)
                [!provide]                PROVIDE (__end_data_RAM2 = .)
                [!provide]                PROVIDE (__end_data_RamLoc40 = .)

.data_RAM3      0x20000000        0x0 load address 0x1a0021ec
 FILL mask 0xff
                [!provide]                PROVIDE (__start_data_RAM3 = .)
                [!provide]                PROVIDE (__start_data_RamAHB32 = .)
 *(.ramfunc.$RAM3)
 *(.ramfunc.$RamAHB32)
 *(.data.$RAM3)
 *(.data.$RamAHB32)
 *(.data.$RAM3.*)
 *(.data.$RamAHB32.*)
                0x20000000                . = ALIGN (0x4)
                [!provide]                PROVIDE (__end_data_RAM3 = .)
                [!provide]                PROVIDE (__end_data_RamAHB32 = .)

.data_RAM4      0x20008000        0x0 load address 0x1a0021ec
 FILL mask 0xff
                [!provide]                PROVIDE (__start_data_RAM4 = .)
                [!provide]                PROVIDE (__start_data_RamAHB16 = .)
 *(.ramfunc.$RAM4)
 *(.ramfunc.$RamAHB16)
 *(.data.$RAM4)
 *(.data.$RamAHB16)
 *(.data.$RAM4.*)
 *(.data.$RamAHB16.*)
                0x20008000                . = ALIGN (0x4)
                [!provide]                PROVIDE (__end_data_RAM4 = .)
                [!provide]                PROVIDE (__end_data_RamAHB16 = .)

.data_RAM5      0x2000c000        0x0 load address 0x1a0021ec
 FILL mask 0xff
                [!provide]                PROVIDE (__start_data_RAM5 = .)
                [!provide]                PROVIDE (__start_data_RamAHB_ETB16 = .)
 *(.ramfunc.$RAM5)
 *(.ramfunc.$RamAHB_ETB16)
 *(.data.$RAM5)
 *(.data.$RamAHB_ETB16)
 *(.data.$RAM5.*)
 *(.data.$RamAHB_ETB16.*)
                0x2000c000                . = ALIGN (0x4)
                [!provide]                PROVIDE (__end_data_RAM5 = .)
                [!provide]                PROVIDE (__end_data_RamAHB_ETB16 = .)

.uninit_RESERVED
                0x10000000        0x0
                0x10000000                _start_uninit_RESERVED = .
 *(.bss.$RESERVED*)
                0x10000000                . = ALIGN (0x4)
                0x10000000                _end_uninit_RESERVED = .

.data           0x10000000        0x8 load address 0x1a0021ec
 FILL mask 0xff
                0x10000000                _data = .
                [!provide]                PROVIDE (__start_data_RAM = .)
                [!provide]                PROVIDE (__start_data_RamLoc32 = .)
 *(vtable)
 *(.ramfunc*)
 *(CodeQuickAccess)
 *(DataQuickAccess)
 *(RamFunction)
 *(.data*)
 .data.channels
                0x10000000        0x8 C:\Proyecto ARDUCIAA\arduCIAA\coco_api\Debug\libcoco_api.a(coco_adc.o)
                0x10000000                channels
                0x10000008                . = ALIGN (0x4)
                0x10000008                _edata = .
                [!provide]                PROVIDE (__end_data_RAM = .)
                [!provide]                PROVIDE (__end_data_RamLoc32 = .)

.igot.plt       0x10000008        0x0 load address 0x1a0021f4
 .igot.plt      0x10000008        0x0 ./src/cr_startup_lpc43xx.o

.bss_RAM2       0x10080000        0x0
                [!provide]                PROVIDE (__start_bss_RAM2 = .)
                [!provide]                PROVIDE (__start_bss_RamLoc40 = .)
 *(.bss.$RAM2)
 *(.bss.$RamLoc40)
 *(.bss.$RAM2.*)
 *(.bss.$RamLoc40.*)
                0x10080000                . = ALIGN ((. != 0x0)?0x4:0x1)
                [!provide]                PROVIDE (__end_bss_RAM2 = .)
                [!provide]                PROVIDE (__end_bss_RamLoc40 = .)

.bss_RAM3       0x20000000        0x0
                [!provide]                PROVIDE (__start_bss_RAM3 = .)
                [!provide]                PROVIDE (__start_bss_RamAHB32 = .)
 *(.bss.$RAM3)
 *(.bss.$RamAHB32)
 *(.bss.$RAM3.*)
 *(.bss.$RamAHB32.*)
                0x20000000                . = ALIGN ((. != 0x0)?0x4:0x1)
                [!provide]                PROVIDE (__end_bss_RAM3 = .)
                [!provide]                PROVIDE (__end_bss_RamAHB32 = .)

.bss_RAM4       0x20008000        0x0
                [!provide]                PROVIDE (__start_bss_RAM4 = .)
                [!provide]                PROVIDE (__start_bss_RamAHB16 = .)
 *(.bss.$RAM4)
 *(.bss.$RamAHB16)
 *(.bss.$RAM4.*)
 *(.bss.$RamAHB16.*)
                0x20008000                . = ALIGN ((. != 0x0)?0x4:0x1)
                [!provide]                PROVIDE (__end_bss_RAM4 = .)
                [!provide]                PROVIDE (__end_bss_RamAHB16 = .)

.bss_RAM5       0x2000c000        0x0
                [!provide]                PROVIDE (__start_bss_RAM5 = .)
                [!provide]                PROVIDE (__start_bss_RamAHB_ETB16 = .)
 *(.bss.$RAM5)
 *(.bss.$RamAHB_ETB16)
 *(.bss.$RAM5.*)
 *(.bss.$RamAHB_ETB16.*)
                0x2000c000                . = ALIGN ((. != 0x0)?0x4:0x1)
                [!provide]                PROVIDE (__end_bss_RAM5 = .)
                [!provide]                PROVIDE (__end_bss_RamAHB_ETB16 = .)

.bss            0x10000008       0x48
                0x10000008                _bss = .
                [!provide]                PROVIDE (__start_bss_RAM = .)
                [!provide]                PROVIDE (__start_bss_RamLoc32 = .)
 *(.bss*)
 .bss.Wire      0x10000008       0x17 ./src/example.o
                0x10000008                Wire
 .bss.flagTimer
                0x1000001f        0x1 C:\Proyecto ARDUCIAA\arduCIAA\coco_api\Debug\libcoco_api.a(coco_timer.o)
                0x1000001f                flagTimer
 .bss.globalClock
                0x10000020        0x8 C:\Proyecto ARDUCIAA\arduCIAA\coco_api\Debug\libcoco_api.a(coco_timer.o)
                0x10000020                globalClock
 .bss.audio_usb_pll_freq
                0x10000028        0x8 C:\Proyecto ARDUCIAA\arduCIAA\lpc_chip_43xx\Debug\liblpc_chip_43xx.a(clock_18xx_43xx.o)
 .bss           0x10000030       0x1c c:/nxp/mcuxpressoide_11.2.1_4149/ide/plugins/com.nxp.mcuxpresso.tools.win32_11.2.0.202008311134/tools/bin/../lib/gcc/arm-none-eabi/9.2.1/thumb/v7e-m/nofp\crtbegin.o
 *(COMMON)
 COMMON         0x1000004c        0x4 C:\Proyecto ARDUCIAA\arduCIAA\lpc_chip_43xx\Debug\liblpc_chip_43xx.a(chip_18xx_43xx.o)
                0x1000004c                SystemCoreClock
                0x10000050                . = ALIGN (0x4)
                0x10000050                _ebss = .
                [!provide]                PROVIDE (__end_bss_RAM = .)
                [!provide]                PROVIDE (__end_bss_RamLoc32 = .)
                [!provide]                PROVIDE (end = .)

.noinit_RAM2    0x10080000        0x0
                [!provide]                PROVIDE (__start_noinit_RAM2 = .)
                [!provide]                PROVIDE (__start_noinit_RamLoc40 = .)
 *(.noinit.$RAM2)
 *(.noinit.$RamLoc40)
 *(.noinit.$RAM2.*)
 *(.noinit.$RamLoc40.*)
                0x10080000                . = ALIGN (0x4)
                [!provide]                PROVIDE (__end_noinit_RAM2 = .)
                [!provide]                PROVIDE (__end_noinit_RamLoc40 = .)

.noinit_RAM3    0x20000000        0x0
                [!provide]                PROVIDE (__start_noinit_RAM3 = .)
                [!provide]                PROVIDE (__start_noinit_RamAHB32 = .)
 *(.noinit.$RAM3)
 *(.noinit.$RamAHB32)
 *(.noinit.$RAM3.*)
 *(.noinit.$RamAHB32.*)
                0x20000000                . = ALIGN (0x4)
                [!provide]                PROVIDE (__end_noinit_RAM3 = .)
                [!provide]                PROVIDE (__end_noinit_RamAHB32 = .)

.noinit_RAM4    0x20008000        0x0
                [!provide]                PROVIDE (__start_noinit_RAM4 = .)
                [!provide]                PROVIDE (__start_noinit_RamAHB16 = .)
 *(.noinit.$RAM4)
 *(.noinit.$RamAHB16)
 *(.noinit.$RAM4.*)
 *(.noinit.$RamAHB16.*)
                0x20008000                . = ALIGN (0x4)
                [!provide]                PROVIDE (__end_noinit_RAM4 = .)
                [!provide]                PROVIDE (__end_noinit_RamAHB16 = .)

.noinit_RAM5    0x2000c000        0x0
                [!provide]                PROVIDE (__start_noinit_RAM5 = .)
                [!provide]                PROVIDE (__start_noinit_RamAHB_ETB16 = .)
 *(.noinit.$RAM5)
 *(.noinit.$RamAHB_ETB16)
 *(.noinit.$RAM5.*)
 *(.noinit.$RamAHB_ETB16.*)
                0x2000c000                . = ALIGN (0x4)
                [!provide]                PROVIDE (__end_noinit_RAM5 = .)
                [!provide]                PROVIDE (__end_noinit_RamAHB_ETB16 = .)

.noinit         0x10000050        0x0
                0x10000050                _noinit = .
                [!provide]                PROVIDE (__start_noinit_RAM = .)
                [!provide]                PROVIDE (__start_noinit_RamLoc32 = .)
 *(.noinit*)
                0x10000050                . = ALIGN (0x4)
                0x10000050                _end_noinit = .
                [!provide]                PROVIDE (__end_noinit_RAM = .)
                [!provide]                PROVIDE (__end_noinit_RamLoc32 = .)
                0x10000050                PROVIDE (_pvHeapStart = DEFINED (__user_heap_base)?__user_heap_base:.)
                0x10008000                PROVIDE (_vStackTop = DEFINED (__user_stack_top)?__user_stack_top:(__top_RamLoc32 - 0x0))
                0x53ff72fa                PROVIDE (__valid_user_code_checksum = (0x0 - ((((((_vStackTop + (ResetISR + 0x1)) + (NMI_Handler + 0x1)) + (HardFault_Handler + 0x1)) + (DEFINED (MemManage_Handler)?MemManage_Handler:0x0 + 0x1)) + (DEFINED (BusFault_Handler)?BusFault_Handler:0x0 + 0x1)) + (DEFINED (UsageFault_Handler)?UsageFault_Handler:0x0 + 0x1))))
                0x1a000000                _image_start = LOADADDR (.text)
                0x1a0021f4                _image_end = (LOADADDR (.data) + SIZEOF (.data))
                0x000021f4                _image_size = (_image_end - _image_start)
OUTPUT(example.axf elf32-littlearm)

.debug_info     0x00000000     0xf888
 .debug_info    0x00000000      0x2c0 ./src/cr_startup_lpc43xx.o
 .debug_info    0x000002c0       0x40 ./src/crp.o
 .debug_info    0x00000300     0x4f62 ./src/example.o
 .debug_info    0x00005262      0x5f0 ./src/sysinit.o
 .debug_info    0x00005852      0xfd7 C:\Proyecto ARDUCIAA\arduCIAA\coco_api\Debug\libcoco_api.a(coco_adc.o)
 .debug_info    0x00006829     0x1298 C:\Proyecto ARDUCIAA\arduCIAA\coco_api\Debug\libcoco_api.a(coco_gpio.o)
 .debug_info    0x00007ac1     0x18c3 C:\Proyecto ARDUCIAA\arduCIAA\coco_api\Debug\libcoco_api.a(coco_pwm.o)
 .debug_info    0x00009384     0x1432 C:\Proyecto ARDUCIAA\arduCIAA\coco_api\Debug\libcoco_api.a(coco_timer.o)
 .debug_info    0x0000a7b6      0xa1c C:\Proyecto ARDUCIAA\arduCIAA\lpc_chip_43xx\Debug\liblpc_chip_43xx.a(adc_18xx_43xx.o)
 .debug_info    0x0000b1d2      0xacc C:\Proyecto ARDUCIAA\arduCIAA\lpc_chip_43xx\Debug\liblpc_chip_43xx.a(chip_18xx_43xx.o)
 .debug_info    0x0000bc9e     0x16c2 C:\Proyecto ARDUCIAA\arduCIAA\lpc_chip_43xx\Debug\liblpc_chip_43xx.a(clock_18xx_43xx.o)
 .debug_info    0x0000d360      0x164 C:\Proyecto ARDUCIAA\arduCIAA\lpc_chip_43xx\Debug\liblpc_chip_43xx.a(fpu_init.o)
 .debug_info    0x0000d4c4      0xa04 C:\Proyecto ARDUCIAA\arduCIAA\lpc_chip_43xx\Debug\liblpc_chip_43xx.a(sct_18xx_43xx.o)
 .debug_info    0x0000dec8      0xadd C:\Proyecto ARDUCIAA\arduCIAA\lpc_chip_43xx\Debug\liblpc_chip_43xx.a(sct_pwm_18xx_43xx.o)
 .debug_info    0x0000e9a5      0x99f C:\Proyecto ARDUCIAA\arduCIAA\lpc_chip_43xx\Debug\liblpc_chip_43xx.a(sysinit_18xx_43xx.o)
 .debug_info    0x0000f344      0x544 C:\Proyecto ARDUCIAA\arduCIAA\lpc_chip_43xx\Debug\liblpc_chip_43xx.a(timer_18xx_43xx.o)

.debug_abbrev   0x00000000     0x2058
 .debug_abbrev  0x00000000      0x11a ./src/cr_startup_lpc43xx.o
 .debug_abbrev  0x0000011a       0x38 ./src/crp.o
 .debug_abbrev  0x00000152      0x5ec ./src/example.o
 .debug_abbrev  0x0000073e       0xf4 ./src/sysinit.o
 .debug_abbrev  0x00000832      0x1a9 C:\Proyecto ARDUCIAA\arduCIAA\coco_api\Debug\libcoco_api.a(coco_adc.o)
 .debug_abbrev  0x000009db      0x1ee C:\Proyecto ARDUCIAA\arduCIAA\coco_api\Debug\libcoco_api.a(coco_gpio.o)
 .debug_abbrev  0x00000bc9      0x2e3 C:\Proyecto ARDUCIAA\arduCIAA\coco_api\Debug\libcoco_api.a(coco_pwm.o)
 .debug_abbrev  0x00000eac      0x287 C:\Proyecto ARDUCIAA\arduCIAA\coco_api\Debug\libcoco_api.a(coco_timer.o)
 .debug_abbrev  0x00001133      0x204 C:\Proyecto ARDUCIAA\arduCIAA\lpc_chip_43xx\Debug\liblpc_chip_43xx.a(adc_18xx_43xx.o)
 .debug_abbrev  0x00001337      0x19b C:\Proyecto ARDUCIAA\arduCIAA\lpc_chip_43xx\Debug\liblpc_chip_43xx.a(chip_18xx_43xx.o)
 .debug_abbrev  0x000014d2      0x31b C:\Proyecto ARDUCIAA\arduCIAA\lpc_chip_43xx\Debug\liblpc_chip_43xx.a(clock_18xx_43xx.o)
 .debug_abbrev  0x000017ed       0xb4 C:\Proyecto ARDUCIAA\arduCIAA\lpc_chip_43xx\Debug\liblpc_chip_43xx.a(fpu_init.o)
 .debug_abbrev  0x000018a1      0x1fe C:\Proyecto ARDUCIAA\arduCIAA\lpc_chip_43xx\Debug\liblpc_chip_43xx.a(sct_18xx_43xx.o)
 .debug_abbrev  0x00001a9f      0x250 C:\Proyecto ARDUCIAA\arduCIAA\lpc_chip_43xx\Debug\liblpc_chip_43xx.a(sct_pwm_18xx_43xx.o)
 .debug_abbrev  0x00001cef      0x1d1 C:\Proyecto ARDUCIAA\arduCIAA\lpc_chip_43xx\Debug\liblpc_chip_43xx.a(sysinit_18xx_43xx.o)
 .debug_abbrev  0x00001ec0      0x198 C:\Proyecto ARDUCIAA\arduCIAA\lpc_chip_43xx\Debug\liblpc_chip_43xx.a(timer_18xx_43xx.o)

.debug_aranges  0x00000000      0x600
 .debug_aranges
                0x00000000       0x80 ./src/cr_startup_lpc43xx.o
 .debug_aranges
                0x00000080       0x18 ./src/crp.o
 .debug_aranges
                0x00000098       0x58 ./src/example.o
 .debug_aranges
                0x000000f0       0x20 ./src/sysinit.o
 .debug_aranges
                0x00000110       0x28 C:\Proyecto ARDUCIAA\arduCIAA\coco_api\Debug\libcoco_api.a(coco_adc.o)
 .debug_aranges
                0x00000138       0x60 C:\Proyecto ARDUCIAA\arduCIAA\coco_api\Debug\libcoco_api.a(coco_gpio.o)
 .debug_aranges
                0x00000198       0x90 C:\Proyecto ARDUCIAA\arduCIAA\coco_api\Debug\libcoco_api.a(coco_pwm.o)
 .debug_aranges
                0x00000228       0x90 C:\Proyecto ARDUCIAA\arduCIAA\coco_api\Debug\libcoco_api.a(coco_timer.o)
 .debug_aranges
                0x000002b8       0x98 C:\Proyecto ARDUCIAA\arduCIAA\lpc_chip_43xx\Debug\liblpc_chip_43xx.a(adc_18xx_43xx.o)
 .debug_aranges
                0x00000350       0x40 C:\Proyecto ARDUCIAA\arduCIAA\lpc_chip_43xx\Debug\liblpc_chip_43xx.a(chip_18xx_43xx.o)
 .debug_aranges
                0x00000390      0x138 C:\Proyecto ARDUCIAA\arduCIAA\lpc_chip_43xx\Debug\liblpc_chip_43xx.a(clock_18xx_43xx.o)
 .debug_aranges
                0x000004c8       0x20 C:\Proyecto ARDUCIAA\arduCIAA\lpc_chip_43xx\Debug\liblpc_chip_43xx.a(fpu_init.o)
 .debug_aranges
                0x000004e8       0x38 C:\Proyecto ARDUCIAA\arduCIAA\lpc_chip_43xx\Debug\liblpc_chip_43xx.a(sct_18xx_43xx.o)
 .debug_aranges
                0x00000520       0x50 C:\Proyecto ARDUCIAA\arduCIAA\lpc_chip_43xx\Debug\liblpc_chip_43xx.a(sct_pwm_18xx_43xx.o)
 .debug_aranges
                0x00000570       0x50 C:\Proyecto ARDUCIAA\arduCIAA\lpc_chip_43xx\Debug\liblpc_chip_43xx.a(sysinit_18xx_43xx.o)
 .debug_aranges
                0x000005c0       0x40 C:\Proyecto ARDUCIAA\arduCIAA\lpc_chip_43xx\Debug\liblpc_chip_43xx.a(timer_18xx_43xx.o)

.debug_ranges   0x00000000      0x510
 .debug_ranges  0x00000000       0x70 ./src/cr_startup_lpc43xx.o
 .debug_ranges  0x00000070       0x48 ./src/example.o
 .debug_ranges  0x000000b8       0x10 ./src/sysinit.o
 .debug_ranges  0x000000c8       0x18 C:\Proyecto ARDUCIAA\arduCIAA\coco_api\Debug\libcoco_api.a(coco_adc.o)
 .debug_ranges  0x000000e0       0x50 C:\Proyecto ARDUCIAA\arduCIAA\coco_api\Debug\libcoco_api.a(coco_gpio.o)
 .debug_ranges  0x00000130       0x80 C:\Proyecto ARDUCIAA\arduCIAA\coco_api\Debug\libcoco_api.a(coco_pwm.o)
 .debug_ranges  0x000001b0       0x80 C:\Proyecto ARDUCIAA\arduCIAA\coco_api\Debug\libcoco_api.a(coco_timer.o)
 .debug_ranges  0x00000230       0x88 C:\Proyecto ARDUCIAA\arduCIAA\lpc_chip_43xx\Debug\liblpc_chip_43xx.a(adc_18xx_43xx.o)
 .debug_ranges  0x000002b8       0x30 C:\Proyecto ARDUCIAA\arduCIAA\lpc_chip_43xx\Debug\liblpc_chip_43xx.a(chip_18xx_43xx.o)
 .debug_ranges  0x000002e8      0x140 C:\Proyecto ARDUCIAA\arduCIAA\lpc_chip_43xx\Debug\liblpc_chip_43xx.a(clock_18xx_43xx.o)
 .debug_ranges  0x00000428       0x10 C:\Proyecto ARDUCIAA\arduCIAA\lpc_chip_43xx\Debug\liblpc_chip_43xx.a(fpu_init.o)
 .debug_ranges  0x00000438       0x28 C:\Proyecto ARDUCIAA\arduCIAA\lpc_chip_43xx\Debug\liblpc_chip_43xx.a(sct_18xx_43xx.o)
 .debug_ranges  0x00000460       0x40 C:\Proyecto ARDUCIAA\arduCIAA\lpc_chip_43xx\Debug\liblpc_chip_43xx.a(sct_pwm_18xx_43xx.o)
 .debug_ranges  0x000004a0       0x40 C:\Proyecto ARDUCIAA\arduCIAA\lpc_chip_43xx\Debug\liblpc_chip_43xx.a(sysinit_18xx_43xx.o)
 .debug_ranges  0x000004e0       0x30 C:\Proyecto ARDUCIAA\arduCIAA\lpc_chip_43xx\Debug\liblpc_chip_43xx.a(timer_18xx_43xx.o)

.debug_macro    0x00000000     0xa930
 .debug_macro   0x00000000       0x1d ./src/cr_startup_lpc43xx.o
 .debug_macro   0x0000001d       0x1a ./src/crp.o
 .debug_macro   0x00000037      0xac6 ./src/crp.o
 .debug_macro   0x00000afd       0x34 ./src/crp.o
 .debug_macro   0x00000b31      0x5b7 ./src/example.o
 .debug_macro   0x000010e8       0x10 ./src/example.o
 .debug_macro   0x000010f8       0x1c ./src/example.o
 .debug_macro   0x00001114       0x8e ./src/example.o
 .debug_macro   0x000011a2       0x51 ./src/example.o
 .debug_macro   0x000011f3       0xef ./src/example.o
 .debug_macro   0x000012e2       0x6a ./src/example.o
 .debug_macro   0x0000134c      0x1df ./src/example.o
 .debug_macro   0x0000152b       0x16 ./src/example.o
 .debug_macro   0x00001541       0x7b ./src/example.o
 .debug_macro   0x000015bc       0x28 ./src/example.o
 .debug_macro   0x000015e4       0x3b ./src/example.o
 .debug_macro   0x0000161f       0x2d ./src/example.o
 .debug_macro   0x0000164c       0x42 ./src/example.o
 .debug_macro   0x0000168e      0xd39 ./src/example.o
 .debug_macro   0x000023c7      0x2bc ./src/example.o
 .debug_macro   0x00002683      0x112 ./src/example.o
 .debug_macro   0x00002795       0x11 ./src/example.o
 .debug_macro   0x000027a6       0x2a ./src/example.o
 .debug_macro   0x000027d0       0x16 ./src/example.o
 .debug_macro   0x000027e6      0x2e6 ./src/example.o
 .debug_macro   0x00002acc       0x82 ./src/example.o
 .debug_macro   0x00002b4e      0x13d ./src/example.o
 .debug_macro   0x00002c8b      0x198 ./src/example.o
 .debug_macro   0x00002e23       0x34 ./src/example.o
 .debug_macro   0x00002e57       0x58 ./src/example.o
 .debug_macro   0x00002eaf      0x236 ./src/example.o
 .debug_macro   0x000030e5      0x572 ./src/example.o
 .debug_macro   0x00003657       0x16 ./src/example.o
 .debug_macro   0x0000366d      0x18a ./src/example.o
 .debug_macro   0x000037f7       0x88 ./src/example.o
 .debug_macro   0x0000387f      0x1b9 ./src/example.o
 .debug_macro   0x00003a38      0x1da ./src/example.o
 .debug_macro   0x00003c12       0x40 ./src/example.o
 .debug_macro   0x00003c52       0x1c ./src/example.o
 .debug_macro   0x00003c6e       0x2e ./src/example.o
 .debug_macro   0x00003c9c       0x2e ./src/example.o
 .debug_macro   0x00003cca       0x22 ./src/example.o
 .debug_macro   0x00003cec      0x201 ./src/example.o
 .debug_macro   0x00003eed       0xe0 ./src/example.o
 .debug_macro   0x00003fcd      0x34c ./src/example.o
 .debug_macro   0x00004319       0xdc ./src/example.o
 .debug_macro   0x000043f5       0xc4 ./src/example.o
 .debug_macro   0x000044b9       0x94 ./src/example.o
 .debug_macro   0x0000454d       0xb8 ./src/example.o
 .debug_macro   0x00004605       0x4c ./src/example.o
 .debug_macro   0x00004651       0x16 ./src/example.o
 .debug_macro   0x00004667      0x328 ./src/example.o
 .debug_macro   0x0000498f       0x3a ./src/example.o
 .debug_macro   0x000049c9       0xd0 ./src/example.o
 .debug_macro   0x00004a99       0x18 ./src/example.o
 .debug_macro   0x00004ab1       0x22 ./src/example.o
 .debug_macro   0x00004ad3       0x40 ./src/example.o
 .debug_macro   0x00004b13       0x4c ./src/example.o
 .debug_macro   0x00004b5f       0x5e ./src/example.o
 .debug_macro   0x00004bbd       0x16 ./src/example.o
 .debug_macro   0x00004bd3       0x16 ./src/example.o
 .debug_macro   0x00004be9       0x10 ./src/example.o
 .debug_macro   0x00004bf9       0x1c ./src/example.o
 .debug_macro   0x00004c15       0x4c ./src/example.o
 .debug_macro   0x00004c61       0x16 ./src/example.o
 .debug_macro   0x00004c77       0xdc ./src/example.o
 .debug_macro   0x00004d53       0x8e ./src/example.o
 .debug_macro   0x00004de1       0x5e ./src/example.o
 .debug_macro   0x00004e3f       0x16 ./src/example.o
 .debug_macro   0x00004e55       0x97 ./src/example.o
 .debug_macro   0x00004eec      0x104 ./src/example.o
 .debug_macro   0x00004ff0       0x10 ./src/example.o
 .debug_macro   0x00005000       0x10 ./src/example.o
 .debug_macro   0x00005010       0x1c ./src/example.o
 .debug_macro   0x0000502c       0x52 ./src/example.o
 .debug_macro   0x0000507e       0x40 ./src/example.o
 .debug_macro   0x000050be       0x10 ./src/example.o
 .debug_macro   0x000050ce       0x40 ./src/example.o
 .debug_macro   0x0000510e       0xd7 ./src/example.o
 .debug_macro   0x000051e5       0x1c ./src/example.o
 .debug_macro   0x00005201       0x3d ./src/example.o
 .debug_macro   0x0000523e       0x16 ./src/example.o
 .debug_macro   0x00005254      0x137 ./src/example.o
 .debug_macro   0x0000538b       0x16 ./src/example.o
 .debug_macro   0x000053a1       0x35 ./src/example.o
 .debug_macro   0x000053d6       0x18 ./src/example.o
 .debug_macro   0x000053ee      0x1da ./src/example.o
 .debug_macro   0x000055c8      0x3cd ./src/example.o
 .debug_macro   0x00005995      0x301 ./src/sysinit.o
 .debug_macro   0x00005c96       0x22 ./src/sysinit.o
 .debug_macro   0x00005cb8      0xd39 ./src/sysinit.o
 .debug_macro   0x000069f1      0x315 C:\Proyecto ARDUCIAA\arduCIAA\coco_api\Debug\libcoco_api.a(coco_adc.o)
 .debug_macro   0x00006d06      0xb92 C:\Proyecto ARDUCIAA\arduCIAA\coco_api\Debug\libcoco_api.a(coco_adc.o)
 .debug_macro   0x00007898       0x46 C:\Proyecto ARDUCIAA\arduCIAA\coco_api\Debug\libcoco_api.a(coco_adc.o)
 .debug_macro   0x000078de      0x31b C:\Proyecto ARDUCIAA\arduCIAA\coco_api\Debug\libcoco_api.a(coco_gpio.o)
 .debug_macro   0x00007bf9       0x58 C:\Proyecto ARDUCIAA\arduCIAA\coco_api\Debug\libcoco_api.a(coco_gpio.o)
 .debug_macro   0x00007c51      0x31e C:\Proyecto ARDUCIAA\arduCIAA\coco_api\Debug\libcoco_api.a(coco_pwm.o)
 .debug_macro   0x00007f6f       0x10 C:\Proyecto ARDUCIAA\arduCIAA\coco_api\Debug\libcoco_api.a(coco_pwm.o)
 .debug_macro   0x00007f7f      0x31e C:\Proyecto ARDUCIAA\arduCIAA\coco_api\Debug\libcoco_api.a(coco_timer.o)
 .debug_macro   0x0000829d       0x10 C:\Proyecto ARDUCIAA\arduCIAA\coco_api\Debug\libcoco_api.a(coco_timer.o)
 .debug_macro   0x000082ad      0x2da C:\Proyecto ARDUCIAA\arduCIAA\lpc_chip_43xx\Debug\liblpc_chip_43xx.a(adc_18xx_43xx.o)
 .debug_macro   0x00008587      0xab4 C:\Proyecto ARDUCIAA\arduCIAA\lpc_chip_43xx\Debug\liblpc_chip_43xx.a(adc_18xx_43xx.o)
 .debug_macro   0x0000903b       0x10 C:\Proyecto ARDUCIAA\arduCIAA\lpc_chip_43xx\Debug\liblpc_chip_43xx.a(adc_18xx_43xx.o)
 .debug_macro   0x0000904b      0x12e C:\Proyecto ARDUCIAA\arduCIAA\lpc_chip_43xx\Debug\liblpc_chip_43xx.a(adc_18xx_43xx.o)
 .debug_macro   0x00009179      0x5b3 C:\Proyecto ARDUCIAA\arduCIAA\lpc_chip_43xx\Debug\liblpc_chip_43xx.a(adc_18xx_43xx.o)
 .debug_macro   0x0000972c       0x22 C:\Proyecto ARDUCIAA\arduCIAA\lpc_chip_43xx\Debug\liblpc_chip_43xx.a(adc_18xx_43xx.o)
 .debug_macro   0x0000974e      0x2da C:\Proyecto ARDUCIAA\arduCIAA\lpc_chip_43xx\Debug\liblpc_chip_43xx.a(chip_18xx_43xx.o)
 .debug_macro   0x00009a28      0x2e0 C:\Proyecto ARDUCIAA\arduCIAA\lpc_chip_43xx\Debug\liblpc_chip_43xx.a(clock_18xx_43xx.o)
 .debug_macro   0x00009d08       0xc0 C:\Proyecto ARDUCIAA\arduCIAA\lpc_chip_43xx\Debug\liblpc_chip_43xx.a(fpu_init.o)
 .debug_macro   0x00009dc8      0x2da C:\Proyecto ARDUCIAA\arduCIAA\lpc_chip_43xx\Debug\liblpc_chip_43xx.a(sct_18xx_43xx.o)
 .debug_macro   0x0000a0a2      0x2da C:\Proyecto ARDUCIAA\arduCIAA\lpc_chip_43xx\Debug\liblpc_chip_43xx.a(sct_pwm_18xx_43xx.o)
 .debug_macro   0x0000a37c      0x2da C:\Proyecto ARDUCIAA\arduCIAA\lpc_chip_43xx\Debug\liblpc_chip_43xx.a(sysinit_18xx_43xx.o)
 .debug_macro   0x0000a656      0x2da C:\Proyecto ARDUCIAA\arduCIAA\lpc_chip_43xx\Debug\liblpc_chip_43xx.a(timer_18xx_43xx.o)

.debug_line     0x00000000     0x7e72
 .debug_line    0x00000000      0x1b2 ./src/cr_startup_lpc43xx.o
 .debug_line    0x000001b2       0xb6 ./src/crp.o
 .debug_line    0x00000268      0xe96 ./src/example.o
 .debug_line    0x000010fe      0x78d ./src/sysinit.o
 .debug_line    0x0000188b      0x8b6 C:\Proyecto ARDUCIAA\arduCIAA\coco_api\Debug\libcoco_api.a(coco_adc.o)
 .debug_line    0x00002141      0x92c C:\Proyecto ARDUCIAA\arduCIAA\coco_api\Debug\libcoco_api.a(coco_gpio.o)
 .debug_line    0x00002a6d      0xaf9 C:\Proyecto ARDUCIAA\arduCIAA\coco_api\Debug\libcoco_api.a(coco_pwm.o)
 .debug_line    0x00003566      0xa10 C:\Proyecto ARDUCIAA\arduCIAA\coco_api\Debug\libcoco_api.a(coco_timer.o)
 .debug_line    0x00003f76      0x8c8 C:\Proyecto ARDUCIAA\arduCIAA\lpc_chip_43xx\Debug\liblpc_chip_43xx.a(adc_18xx_43xx.o)
 .debug_line    0x0000483e      0x6e8 C:\Proyecto ARDUCIAA\arduCIAA\lpc_chip_43xx\Debug\liblpc_chip_43xx.a(chip_18xx_43xx.o)
 .debug_line    0x00004f26      0xfe7 C:\Proyecto ARDUCIAA\arduCIAA\lpc_chip_43xx\Debug\liblpc_chip_43xx.a(clock_18xx_43xx.o)
 .debug_line    0x00005f0d      0x27f C:\Proyecto ARDUCIAA\arduCIAA\lpc_chip_43xx\Debug\liblpc_chip_43xx.a(fpu_init.o)
 .debug_line    0x0000618c      0x6b4 C:\Proyecto ARDUCIAA\arduCIAA\lpc_chip_43xx\Debug\liblpc_chip_43xx.a(sct_18xx_43xx.o)
 .debug_line    0x00006840      0x747 C:\Proyecto ARDUCIAA\arduCIAA\lpc_chip_43xx\Debug\liblpc_chip_43xx.a(sct_pwm_18xx_43xx.o)
 .debug_line    0x00006f87      0x7e5 C:\Proyecto ARDUCIAA\arduCIAA\lpc_chip_43xx\Debug\liblpc_chip_43xx.a(sysinit_18xx_43xx.o)
 .debug_line    0x0000776c      0x706 C:\Proyecto ARDUCIAA\arduCIAA\lpc_chip_43xx\Debug\liblpc_chip_43xx.a(timer_18xx_43xx.o)

.debug_str      0x00000000    0x2223a
 .debug_str     0x00000000     0x3465 ./src/cr_startup_lpc43xx.o
                               0x347d (size before relaxing)
 .debug_str     0x00003465      0x2f0 ./src/crp.o
                               0x2f5c (size before relaxing)
 .debug_str     0x00003755    0x1b8b7 ./src/example.o
                              0x1f0b4 (size before relaxing)
 .debug_str     0x0001f00c       0x48 ./src/sysinit.o
                              0x15be6 (size before relaxing)
 .debug_str     0x0001f054      0x29b C:\Proyecto ARDUCIAA\arduCIAA\coco_api\Debug\libcoco_api.a(coco_adc.o)
                              0x17438 (size before relaxing)
 .debug_str     0x0001f2ef      0x19d C:\Proyecto ARDUCIAA\arduCIAA\coco_api\Debug\libcoco_api.a(coco_gpio.o)
                              0x1739b (size before relaxing)
 .debug_str     0x0001f48c      0x30b C:\Proyecto ARDUCIAA\arduCIAA\coco_api\Debug\libcoco_api.a(coco_pwm.o)
                              0x1762d (size before relaxing)
 .debug_str     0x0001f797      0x4d2 C:\Proyecto ARDUCIAA\arduCIAA\coco_api\Debug\libcoco_api.a(coco_timer.o)
                              0x17749 (size before relaxing)
 .debug_str     0x0001fc69     0x19d4 C:\Proyecto ARDUCIAA\arduCIAA\lpc_chip_43xx\Debug\liblpc_chip_43xx.a(adc_18xx_43xx.o)
                              0x161b1 (size before relaxing)
 .debug_str     0x0002163d      0x253 C:\Proyecto ARDUCIAA\arduCIAA\lpc_chip_43xx\Debug\liblpc_chip_43xx.a(chip_18xx_43xx.o)
                              0x16689 (size before relaxing)
 .debug_str     0x00021890      0x5ff C:\Proyecto ARDUCIAA\arduCIAA\lpc_chip_43xx\Debug\liblpc_chip_43xx.a(clock_18xx_43xx.o)
                              0x16c08 (size before relaxing)
 .debug_str     0x00021e8f       0xb5 C:\Proyecto ARDUCIAA\arduCIAA\lpc_chip_43xx\Debug\liblpc_chip_43xx.a(fpu_init.o)
                               0xa1de (size before relaxing)
 .debug_str     0x00021f44       0x72 C:\Proyecto ARDUCIAA\arduCIAA\lpc_chip_43xx\Debug\liblpc_chip_43xx.a(sct_18xx_43xx.o)
                              0x15f9e (size before relaxing)
 .debug_str     0x00021fb6       0x6c C:\Proyecto ARDUCIAA\arduCIAA\lpc_chip_43xx\Debug\liblpc_chip_43xx.a(sct_pwm_18xx_43xx.o)
                              0x1602a (size before relaxing)
 .debug_str     0x00022022       0xe7 C:\Proyecto ARDUCIAA\arduCIAA\lpc_chip_43xx\Debug\liblpc_chip_43xx.a(sysinit_18xx_43xx.o)
                              0x16668 (size before relaxing)
 .debug_str     0x00022109      0x131 C:\Proyecto ARDUCIAA\arduCIAA\lpc_chip_43xx\Debug\liblpc_chip_43xx.a(timer_18xx_43xx.o)
                              0x15e95 (size before relaxing)

.comment        0x00000000       0x79
 .comment       0x00000000       0x79 ./src/cr_startup_lpc43xx.o
                                 0x7a (size before relaxing)
 .comment       0x00000079       0x7a ./src/crp.o
 .comment       0x00000079       0x7a ./src/example.o
 .comment       0x00000079       0x7a ./src/sysinit.o
 .comment       0x00000079       0x7a C:\Proyecto ARDUCIAA\arduCIAA\coco_api\Debug\libcoco_api.a(coco_adc.o)
 .comment       0x00000079       0x7a C:\Proyecto ARDUCIAA\arduCIAA\coco_api\Debug\libcoco_api.a(coco_gpio.o)
 .comment       0x00000079       0x7a C:\Proyecto ARDUCIAA\arduCIAA\coco_api\Debug\libcoco_api.a(coco_pwm.o)
 .comment       0x00000079       0x7a C:\Proyecto ARDUCIAA\arduCIAA\coco_api\Debug\libcoco_api.a(coco_timer.o)
 .comment       0x00000079       0x7a C:\Proyecto ARDUCIAA\arduCIAA\lpc_chip_43xx\Debug\liblpc_chip_43xx.a(adc_18xx_43xx.o)
 .comment       0x00000079       0x7a C:\Proyecto ARDUCIAA\arduCIAA\lpc_chip_43xx\Debug\liblpc_chip_43xx.a(chip_18xx_43xx.o)
 .comment       0x00000079       0x7a C:\Proyecto ARDUCIAA\arduCIAA\lpc_chip_43xx\Debug\liblpc_chip_43xx.a(clock_18xx_43xx.o)
 .comment       0x00000079       0x7a C:\Proyecto ARDUCIAA\arduCIAA\lpc_chip_43xx\Debug\liblpc_chip_43xx.a(fpu_init.o)
 .comment       0x00000079       0x7a C:\Proyecto ARDUCIAA\arduCIAA\lpc_chip_43xx\Debug\liblpc_chip_43xx.a(sct_18xx_43xx.o)
 .comment       0x00000079       0x7a C:\Proyecto ARDUCIAA\arduCIAA\lpc_chip_43xx\Debug\liblpc_chip_43xx.a(sct_pwm_18xx_43xx.o)
 .comment       0x00000079       0x7a C:\Proyecto ARDUCIAA\arduCIAA\lpc_chip_43xx\Debug\liblpc_chip_43xx.a(sysinit_18xx_43xx.o)
 .comment       0x00000079       0x7a C:\Proyecto ARDUCIAA\arduCIAA\lpc_chip_43xx\Debug\liblpc_chip_43xx.a(timer_18xx_43xx.o)

.ARM.attributes
                0x00000000       0x32
 .ARM.attributes
                0x00000000       0x32 ./src/cr_startup_lpc43xx.o
 .ARM.attributes
                0x00000032       0x37 ./src/crp.o
 .ARM.attributes
                0x00000069       0x32 ./src/example.o
 .ARM.attributes
                0x0000009b       0x32 ./src/sysinit.o
 .ARM.attributes
                0x000000cd       0x32 C:\Proyecto ARDUCIAA\arduCIAA\coco_api\Debug\libcoco_api.a(coco_adc.o)
 .ARM.attributes
                0x000000ff       0x32 C:\Proyecto ARDUCIAA\arduCIAA\coco_api\Debug\libcoco_api.a(coco_gpio.o)
 .ARM.attributes
                0x00000131       0x32 C:\Proyecto ARDUCIAA\arduCIAA\coco_api\Debug\libcoco_api.a(coco_pwm.o)
 .ARM.attributes
                0x00000163       0x32 C:\Proyecto ARDUCIAA\arduCIAA\coco_api\Debug\libcoco_api.a(coco_timer.o)
 .ARM.attributes
                0x00000195       0x32 C:\Proyecto ARDUCIAA\arduCIAA\lpc_chip_43xx\Debug\liblpc_chip_43xx.a(adc_18xx_43xx.o)
 .ARM.attributes
                0x000001c7       0x32 C:\Proyecto ARDUCIAA\arduCIAA\lpc_chip_43xx\Debug\liblpc_chip_43xx.a(chip_18xx_43xx.o)
 .ARM.attributes
                0x000001f9       0x32 C:\Proyecto ARDUCIAA\arduCIAA\lpc_chip_43xx\Debug\liblpc_chip_43xx.a(clock_18xx_43xx.o)
 .ARM.attributes
                0x0000022b       0x32 C:\Proyecto ARDUCIAA\arduCIAA\lpc_chip_43xx\Debug\liblpc_chip_43xx.a(fpu_init.o)
 .ARM.attributes
                0x0000025d       0x32 C:\Proyecto ARDUCIAA\arduCIAA\lpc_chip_43xx\Debug\liblpc_chip_43xx.a(sct_18xx_43xx.o)
 .ARM.attributes
                0x0000028f       0x32 C:\Proyecto ARDUCIAA\arduCIAA\lpc_chip_43xx\Debug\liblpc_chip_43xx.a(sct_pwm_18xx_43xx.o)
 .ARM.attributes
                0x000002c1       0x32 C:\Proyecto ARDUCIAA\arduCIAA\lpc_chip_43xx\Debug\liblpc_chip_43xx.a(sysinit_18xx_43xx.o)
 .ARM.attributes
                0x000002f3       0x32 C:\Proyecto ARDUCIAA\arduCIAA\lpc_chip_43xx\Debug\liblpc_chip_43xx.a(timer_18xx_43xx.o)
 .ARM.attributes
                0x00000325       0x1e c:/nxp/mcuxpressoide_11.2.1_4149/ide/plugins/com.nxp.mcuxpresso.tools.win32_11.2.0.202008311134/tools/bin/../lib/gcc/arm-none-eabi/9.2.1/thumb/v7e-m/nofp\libgcc.a(_arm_addsubdf3.o)
 .ARM.attributes
                0x00000343       0x2e c:/nxp/mcuxpressoide_11.2.1_4149/ide/plugins/com.nxp.mcuxpresso.tools.win32_11.2.0.202008311134/tools/bin/../lib/gcc/arm-none-eabi/9.2.1/../../../../arm-none-eabi/lib/thumb/v7e-m/nofp\libc.a(lib_a-init.o)
 .ARM.attributes
                0x00000371       0x2e c:/nxp/mcuxpressoide_11.2.1_4149/ide/plugins/com.nxp.mcuxpresso.tools.win32_11.2.0.202008311134/tools/bin/../lib/gcc/arm-none-eabi/9.2.1/../../../../arm-none-eabi/lib/thumb/v7e-m/nofp\libc.a(lib_a-memset.o)
 .ARM.attributes
                0x0000039f       0x1e c:/nxp/mcuxpressoide_11.2.1_4149/ide/plugins/com.nxp.mcuxpresso.tools.win32_11.2.0.202008311134/tools/bin/../lib/gcc/arm-none-eabi/9.2.1/thumb/v7e-m/nofp\crti.o
 .ARM.attributes
                0x000003bd       0x1e c:/nxp/mcuxpressoide_11.2.1_4149/ide/plugins/com.nxp.mcuxpresso.tools.win32_11.2.0.202008311134/tools/bin/../lib/gcc/arm-none-eabi/9.2.1/thumb/v7e-m/nofp\crtn.o
 .ARM.attributes
                0x000003db       0x2e c:/nxp/mcuxpressoide_11.2.1_4149/ide/plugins/com.nxp.mcuxpresso.tools.win32_11.2.0.202008311134/tools/bin/../lib/gcc/arm-none-eabi/9.2.1/thumb/v7e-m/nofp\crtbegin.o

.debug_frame    0x00000000     0x163c
 .debug_frame   0x00000000      0x170 ./src/cr_startup_lpc43xx.o
 .debug_frame   0x00000170      0x124 ./src/example.o
 .debug_frame   0x00000294       0x34 ./src/sysinit.o
 .debug_frame   0x000002c8       0x58 C:\Proyecto ARDUCIAA\arduCIAA\coco_api\Debug\libcoco_api.a(coco_adc.o)
 .debug_frame   0x00000320      0x168 C:\Proyecto ARDUCIAA\arduCIAA\coco_api\Debug\libcoco_api.a(coco_gpio.o)
 .debug_frame   0x00000488      0x240 C:\Proyecto ARDUCIAA\arduCIAA\coco_api\Debug\libcoco_api.a(coco_pwm.o)
 .debug_frame   0x000006c8      0x234 C:\Proyecto ARDUCIAA\arduCIAA\coco_api\Debug\libcoco_api.a(coco_timer.o)
 .debug_frame   0x000008fc      0x264 C:\Proyecto ARDUCIAA\arduCIAA\lpc_chip_43xx\Debug\liblpc_chip_43xx.a(adc_18xx_43xx.o)
 .debug_frame   0x00000b60       0xa0 C:\Proyecto ARDUCIAA\arduCIAA\lpc_chip_43xx\Debug\liblpc_chip_43xx.a(chip_18xx_43xx.o)
 .debug_frame   0x00000c00      0x568 C:\Proyecto ARDUCIAA\arduCIAA\lpc_chip_43xx\Debug\liblpc_chip_43xx.a(clock_18xx_43xx.o)
 .debug_frame   0x00001168       0x38 C:\Proyecto ARDUCIAA\arduCIAA\lpc_chip_43xx\Debug\liblpc_chip_43xx.a(fpu_init.o)
 .debug_frame   0x000011a0       0xa8 C:\Proyecto ARDUCIAA\arduCIAA\lpc_chip_43xx\Debug\liblpc_chip_43xx.a(sct_18xx_43xx.o)
 .debug_frame   0x00001248      0x120 C:\Proyecto ARDUCIAA\arduCIAA\lpc_chip_43xx\Debug\liblpc_chip_43xx.a(sct_pwm_18xx_43xx.o)
 .debug_frame   0x00001368       0xf4 C:\Proyecto ARDUCIAA\arduCIAA\lpc_chip_43xx\Debug\liblpc_chip_43xx.a(sysinit_18xx_43xx.o)
 .debug_frame   0x0000145c       0xd0 C:\Proyecto ARDUCIAA\arduCIAA\lpc_chip_43xx\Debug\liblpc_chip_43xx.a(timer_18xx_43xx.o)
 .debug_frame   0x0000152c       0xac c:/nxp/mcuxpressoide_11.2.1_4149/ide/plugins/com.nxp.mcuxpresso.tools.win32_11.2.0.202008311134/tools/bin/../lib/gcc/arm-none-eabi/9.2.1/thumb/v7e-m/nofp\libgcc.a(_arm_addsubdf3.o)
 .debug_frame   0x000015d8       0x2c c:/nxp/mcuxpressoide_11.2.1_4149/ide/plugins/com.nxp.mcuxpresso.tools.win32_11.2.0.202008311134/tools/bin/../lib/gcc/arm-none-eabi/9.2.1/../../../../arm-none-eabi/lib/thumb/v7e-m/nofp\libc.a(lib_a-init.o)
 .debug_frame   0x00001604       0x38 c:/nxp/mcuxpressoide_11.2.1_4149/ide/plugins/com.nxp.mcuxpresso.tools.win32_11.2.0.202008311134/tools/bin/../lib/gcc/arm-none-eabi/9.2.1/../../../../arm-none-eabi/lib/thumb/v7e-m/nofp\libc.a(lib_a-memset.o)

Cross Reference Table

Symbol                                            File
ADC0_IRQHandler                                   ./src/cr_startup_lpc43xx.o
ADC1_IRQHandler                                   ./src/cr_startup_lpc43xx.o
ADCHS_IRQHandler                                  ./src/cr_startup_lpc43xx.o
ATIMER_IRQHandler                                 ./src/cr_startup_lpc43xx.o
BusFault_Handler                                  ./src/cr_startup_lpc43xx.o
CAN0_IRQHandler                                   ./src/cr_startup_lpc43xx.o
CAN1_IRQHandler                                   ./src/cr_startup_lpc43xx.o
CRP_WORD                                          ./src/crp.o
Chip_ADC_DeInit                                   C:\Proyecto ARDUCIAA\arduCIAA\lpc_chip_43xx\Debug\liblpc_chip_43xx.a(adc_18xx_43xx.o)
Chip_ADC_EnableChannel                            C:\Proyecto ARDUCIAA\arduCIAA\lpc_chip_43xx\Debug\liblpc_chip_43xx.a(adc_18xx_43xx.o)
                                                  C:\Proyecto ARDUCIAA\arduCIAA\coco_api\Debug\libcoco_api.a(coco_adc.o)
Chip_ADC_Init                                     C:\Proyecto ARDUCIAA\arduCIAA\lpc_chip_43xx\Debug\liblpc_chip_43xx.a(adc_18xx_43xx.o)
                                                  C:\Proyecto ARDUCIAA\arduCIAA\coco_api\Debug\libcoco_api.a(coco_adc.o)
Chip_ADC_Int_SetChannelCmd                        C:\Proyecto ARDUCIAA\arduCIAA\lpc_chip_43xx\Debug\liblpc_chip_43xx.a(adc_18xx_43xx.o)
                                                  C:\Proyecto ARDUCIAA\arduCIAA\coco_api\Debug\libcoco_api.a(coco_adc.o)
Chip_ADC_ReadByte                                 C:\Proyecto ARDUCIAA\arduCIAA\lpc_chip_43xx\Debug\liblpc_chip_43xx.a(adc_18xx_43xx.o)
Chip_ADC_ReadStatus                               C:\Proyecto ARDUCIAA\arduCIAA\lpc_chip_43xx\Debug\liblpc_chip_43xx.a(adc_18xx_43xx.o)
                                                  C:\Proyecto ARDUCIAA\arduCIAA\coco_api\Debug\libcoco_api.a(coco_adc.o)
Chip_ADC_ReadValue                                C:\Proyecto ARDUCIAA\arduCIAA\lpc_chip_43xx\Debug\liblpc_chip_43xx.a(adc_18xx_43xx.o)
                                                  C:\Proyecto ARDUCIAA\arduCIAA\coco_api\Debug\libcoco_api.a(coco_adc.o)
Chip_ADC_SetBurstCmd                              C:\Proyecto ARDUCIAA\arduCIAA\lpc_chip_43xx\Debug\liblpc_chip_43xx.a(adc_18xx_43xx.o)
                                                  C:\Proyecto ARDUCIAA\arduCIAA\coco_api\Debug\libcoco_api.a(coco_adc.o)
Chip_ADC_SetResolution                            C:\Proyecto ARDUCIAA\arduCIAA\lpc_chip_43xx\Debug\liblpc_chip_43xx.a(adc_18xx_43xx.o)
                                                  C:\Proyecto ARDUCIAA\arduCIAA\coco_api\Debug\libcoco_api.a(coco_adc.o)
Chip_ADC_SetSampleRate                            C:\Proyecto ARDUCIAA\arduCIAA\lpc_chip_43xx\Debug\liblpc_chip_43xx.a(adc_18xx_43xx.o)
                                                  C:\Proyecto ARDUCIAA\arduCIAA\coco_api\Debug\libcoco_api.a(coco_adc.o)
Chip_ADC_SetStartMode                             C:\Proyecto ARDUCIAA\arduCIAA\lpc_chip_43xx\Debug\liblpc_chip_43xx.a(adc_18xx_43xx.o)
                                                  C:\Proyecto ARDUCIAA\arduCIAA\coco_api\Debug\libcoco_api.a(coco_adc.o)
Chip_Clock_CalcMainPLLValue                       C:\Proyecto ARDUCIAA\arduCIAA\lpc_chip_43xx\Debug\liblpc_chip_43xx.a(clock_18xx_43xx.o)
                                                  C:\Proyecto ARDUCIAA\arduCIAA\lpc_chip_43xx\Debug\liblpc_chip_43xx.a(sysinit_18xx_43xx.o)
Chip_Clock_ClearPowerDown                         C:\Proyecto ARDUCIAA\arduCIAA\lpc_chip_43xx\Debug\liblpc_chip_43xx.a(clock_18xx_43xx.o)
Chip_Clock_Disable                                C:\Proyecto ARDUCIAA\arduCIAA\lpc_chip_43xx\Debug\liblpc_chip_43xx.a(clock_18xx_43xx.o)
                                                  C:\Proyecto ARDUCIAA\arduCIAA\lpc_chip_43xx\Debug\liblpc_chip_43xx.a(timer_18xx_43xx.o)
                                                  C:\Proyecto ARDUCIAA\arduCIAA\lpc_chip_43xx\Debug\liblpc_chip_43xx.a(sct_18xx_43xx.o)
                                                  C:\Proyecto ARDUCIAA\arduCIAA\lpc_chip_43xx\Debug\liblpc_chip_43xx.a(adc_18xx_43xx.o)
Chip_Clock_DisableBaseClock                       C:\Proyecto ARDUCIAA\arduCIAA\lpc_chip_43xx\Debug\liblpc_chip_43xx.a(clock_18xx_43xx.o)
Chip_Clock_DisableCrystal                         C:\Proyecto ARDUCIAA\arduCIAA\lpc_chip_43xx\Debug\liblpc_chip_43xx.a(clock_18xx_43xx.o)
Chip_Clock_DisablePLL                             C:\Proyecto ARDUCIAA\arduCIAA\lpc_chip_43xx\Debug\liblpc_chip_43xx.a(clock_18xx_43xx.o)
Chip_Clock_Enable                                 C:\Proyecto ARDUCIAA\arduCIAA\lpc_chip_43xx\Debug\liblpc_chip_43xx.a(clock_18xx_43xx.o)
                                                  C:\Proyecto ARDUCIAA\arduCIAA\lpc_chip_43xx\Debug\liblpc_chip_43xx.a(timer_18xx_43xx.o)
Chip_Clock_EnableBaseClock                        C:\Proyecto ARDUCIAA\arduCIAA\lpc_chip_43xx\Debug\liblpc_chip_43xx.a(clock_18xx_43xx.o)
                                                  C:\Proyecto ARDUCIAA\arduCIAA\lpc_chip_43xx\Debug\liblpc_chip_43xx.a(chip_18xx_43xx.o)
Chip_Clock_EnableCrystal                          C:\Proyecto ARDUCIAA\arduCIAA\lpc_chip_43xx\Debug\liblpc_chip_43xx.a(clock_18xx_43xx.o)
                                                  C:\Proyecto ARDUCIAA\arduCIAA\lpc_chip_43xx\Debug\liblpc_chip_43xx.a(sysinit_18xx_43xx.o)
Chip_Clock_EnableOpts                             C:\Proyecto ARDUCIAA\arduCIAA\lpc_chip_43xx\Debug\liblpc_chip_43xx.a(clock_18xx_43xx.o)
                                                  C:\Proyecto ARDUCIAA\arduCIAA\lpc_chip_43xx\Debug\liblpc_chip_43xx.a(sct_18xx_43xx.o)
                                                  C:\Proyecto ARDUCIAA\arduCIAA\lpc_chip_43xx\Debug\liblpc_chip_43xx.a(chip_18xx_43xx.o)
                                                  C:\Proyecto ARDUCIAA\arduCIAA\lpc_chip_43xx\Debug\liblpc_chip_43xx.a(adc_18xx_43xx.o)
Chip_Clock_EnablePLL                              C:\Proyecto ARDUCIAA\arduCIAA\lpc_chip_43xx\Debug\liblpc_chip_43xx.a(clock_18xx_43xx.o)
                                                  C:\Proyecto ARDUCIAA\arduCIAA\lpc_chip_43xx\Debug\liblpc_chip_43xx.a(chip_18xx_43xx.o)
Chip_Clock_GetBaseClock                           C:\Proyecto ARDUCIAA\arduCIAA\lpc_chip_43xx\Debug\liblpc_chip_43xx.a(clock_18xx_43xx.o)
Chip_Clock_GetBaseClockOpts                       C:\Proyecto ARDUCIAA\arduCIAA\lpc_chip_43xx\Debug\liblpc_chip_43xx.a(clock_18xx_43xx.o)
Chip_Clock_GetBaseClocktHz                        C:\Proyecto ARDUCIAA\arduCIAA\lpc_chip_43xx\Debug\liblpc_chip_43xx.a(clock_18xx_43xx.o)
Chip_Clock_GetClockInputHz                        C:\Proyecto ARDUCIAA\arduCIAA\lpc_chip_43xx\Debug\liblpc_chip_43xx.a(clock_18xx_43xx.o)
                                                  C:\Proyecto ARDUCIAA\arduCIAA\lpc_chip_43xx\Debug\liblpc_chip_43xx.a(chip_18xx_43xx.o)
Chip_Clock_GetDividerDivisor                      C:\Proyecto ARDUCIAA\arduCIAA\lpc_chip_43xx\Debug\liblpc_chip_43xx.a(clock_18xx_43xx.o)
Chip_Clock_GetDividerSource                       C:\Proyecto ARDUCIAA\arduCIAA\lpc_chip_43xx\Debug\liblpc_chip_43xx.a(clock_18xx_43xx.o)
Chip_Clock_GetEMCRate                             C:\Proyecto ARDUCIAA\arduCIAA\lpc_chip_43xx\Debug\liblpc_chip_43xx.a(clock_18xx_43xx.o)
Chip_Clock_GetMainPLLHz                           C:\Proyecto ARDUCIAA\arduCIAA\lpc_chip_43xx\Debug\liblpc_chip_43xx.a(clock_18xx_43xx.o)
Chip_Clock_GetPLLStatus                           C:\Proyecto ARDUCIAA\arduCIAA\lpc_chip_43xx\Debug\liblpc_chip_43xx.a(clock_18xx_43xx.o)
                                                  C:\Proyecto ARDUCIAA\arduCIAA\lpc_chip_43xx\Debug\liblpc_chip_43xx.a(chip_18xx_43xx.o)
Chip_Clock_GetRate                                C:\Proyecto ARDUCIAA\arduCIAA\lpc_chip_43xx\Debug\liblpc_chip_43xx.a(clock_18xx_43xx.o)
                                                  C:\Proyecto ARDUCIAA\arduCIAA\lpc_chip_43xx\Debug\liblpc_chip_43xx.a(sct_pwm_18xx_43xx.o)
                                                  C:\Proyecto ARDUCIAA\arduCIAA\lpc_chip_43xx\Debug\liblpc_chip_43xx.a(chip_18xx_43xx.o)
                                                  C:\Proyecto ARDUCIAA\arduCIAA\lpc_chip_43xx\Debug\liblpc_chip_43xx.a(adc_18xx_43xx.o)
Chip_Clock_IsBaseClockEnabled                     C:\Proyecto ARDUCIAA\arduCIAA\lpc_chip_43xx\Debug\liblpc_chip_43xx.a(clock_18xx_43xx.o)
Chip_Clock_RTCEnable                              C:\Proyecto ARDUCIAA\arduCIAA\lpc_chip_43xx\Debug\liblpc_chip_43xx.a(clock_18xx_43xx.o)
Chip_Clock_SetBaseClock                           C:\Proyecto ARDUCIAA\arduCIAA\lpc_chip_43xx\Debug\liblpc_chip_43xx.a(clock_18xx_43xx.o)
                                                  C:\Proyecto ARDUCIAA\arduCIAA\lpc_chip_43xx\Debug\liblpc_chip_43xx.a(sysinit_18xx_43xx.o)
                                                  C:\Proyecto ARDUCIAA\arduCIAA\lpc_chip_43xx\Debug\liblpc_chip_43xx.a(chip_18xx_43xx.o)
Chip_Clock_SetDivider                             C:\Proyecto ARDUCIAA\arduCIAA\lpc_chip_43xx\Debug\liblpc_chip_43xx.a(clock_18xx_43xx.o)
                                                  C:\Proyecto ARDUCIAA\arduCIAA\lpc_chip_43xx\Debug\liblpc_chip_43xx.a(chip_18xx_43xx.o)
Chip_Clock_SetupMainPLLHz                         C:\Proyecto ARDUCIAA\arduCIAA\lpc_chip_43xx\Debug\liblpc_chip_43xx.a(clock_18xx_43xx.o)
Chip_Clock_SetupMainPLLMult                       C:\Proyecto ARDUCIAA\arduCIAA\lpc_chip_43xx\Debug\liblpc_chip_43xx.a(clock_18xx_43xx.o)
Chip_Clock_SetupPLL                               C:\Proyecto ARDUCIAA\arduCIAA\lpc_chip_43xx\Debug\liblpc_chip_43xx.a(clock_18xx_43xx.o)
                                                  C:\Proyecto ARDUCIAA\arduCIAA\lpc_chip_43xx\Debug\liblpc_chip_43xx.a(chip_18xx_43xx.o)
Chip_Clock_StartPowerDown                         C:\Proyecto ARDUCIAA\arduCIAA\lpc_chip_43xx\Debug\liblpc_chip_43xx.a(clock_18xx_43xx.o)
Chip_SCTPWM_SetOutPin                             C:\Proyecto ARDUCIAA\arduCIAA\lpc_chip_43xx\Debug\liblpc_chip_43xx.a(sct_pwm_18xx_43xx.o)
                                                  C:\Proyecto ARDUCIAA\arduCIAA\coco_api\Debug\libcoco_api.a(coco_pwm.o)
Chip_SCTPWM_SetRate                               C:\Proyecto ARDUCIAA\arduCIAA\lpc_chip_43xx\Debug\liblpc_chip_43xx.a(sct_pwm_18xx_43xx.o)
                                                  C:\Proyecto ARDUCIAA\arduCIAA\coco_api\Debug\libcoco_api.a(coco_pwm.o)
Chip_SCT_DeInit                                   C:\Proyecto ARDUCIAA\arduCIAA\lpc_chip_43xx\Debug\liblpc_chip_43xx.a(sct_18xx_43xx.o)
Chip_SCT_Init                                     C:\Proyecto ARDUCIAA\arduCIAA\lpc_chip_43xx\Debug\liblpc_chip_43xx.a(sct_18xx_43xx.o)
                                                  C:\Proyecto ARDUCIAA\arduCIAA\coco_api\Debug\libcoco_api.a(coco_pwm.o)
Chip_SCT_SetClrControl                            C:\Proyecto ARDUCIAA\arduCIAA\lpc_chip_43xx\Debug\liblpc_chip_43xx.a(sct_18xx_43xx.o)
Chip_SCT_SetConflictResolution                    C:\Proyecto ARDUCIAA\arduCIAA\lpc_chip_43xx\Debug\liblpc_chip_43xx.a(sct_18xx_43xx.o)
Chip_SetupCoreClock                               C:\Proyecto ARDUCIAA\arduCIAA\lpc_chip_43xx\Debug\liblpc_chip_43xx.a(sysinit_18xx_43xx.o)
Chip_SetupIrcClocking                             C:\Proyecto ARDUCIAA\arduCIAA\lpc_chip_43xx\Debug\liblpc_chip_43xx.a(sysinit_18xx_43xx.o)
Chip_SetupXtalClocking                            C:\Proyecto ARDUCIAA\arduCIAA\lpc_chip_43xx\Debug\liblpc_chip_43xx.a(sysinit_18xx_43xx.o)
Chip_SystemInit                                   C:\Proyecto ARDUCIAA\arduCIAA\lpc_chip_43xx\Debug\liblpc_chip_43xx.a(sysinit_18xx_43xx.o)
                                                  ./src/sysinit.o
Chip_TIMER_DeInit                                 C:\Proyecto ARDUCIAA\arduCIAA\lpc_chip_43xx\Debug\liblpc_chip_43xx.a(timer_18xx_43xx.o)
Chip_TIMER_ExtMatchControlSet                     C:\Proyecto ARDUCIAA\arduCIAA\lpc_chip_43xx\Debug\liblpc_chip_43xx.a(timer_18xx_43xx.o)
Chip_TIMER_Init                                   C:\Proyecto ARDUCIAA\arduCIAA\lpc_chip_43xx\Debug\liblpc_chip_43xx.a(timer_18xx_43xx.o)
                                                  C:\Proyecto ARDUCIAA\arduCIAA\coco_api\Debug\libcoco_api.a(coco_timer.o)
Chip_TIMER_Reset                                  C:\Proyecto ARDUCIAA\arduCIAA\lpc_chip_43xx\Debug\liblpc_chip_43xx.a(timer_18xx_43xx.o)
                                                  C:\Proyecto ARDUCIAA\arduCIAA\coco_api\Debug\libcoco_api.a(coco_timer.o)
Chip_USB0_Init                                    C:\Proyecto ARDUCIAA\arduCIAA\lpc_chip_43xx\Debug\liblpc_chip_43xx.a(chip_18xx_43xx.o)
Chip_USB1_Init                                    C:\Proyecto ARDUCIAA\arduCIAA\lpc_chip_43xx\Debug\liblpc_chip_43xx.a(chip_18xx_43xx.o)
DAC_IRQHandler                                    ./src/cr_startup_lpc43xx.o
DMA_IRQHandler                                    ./src/cr_startup_lpc43xx.o
DebugMon_Handler                                  ./src/cr_startup_lpc43xx.o
ETH_IRQHandler                                    ./src/cr_startup_lpc43xx.o
EVRT_IRQHandler                                   ./src/cr_startup_lpc43xx.o
ExtRateIn                                         ./src/sysinit.o
                                                  C:\Proyecto ARDUCIAA\arduCIAA\lpc_chip_43xx\Debug\liblpc_chip_43xx.a(clock_18xx_43xx.o)
FLASH_EEPROM_IRQHandler                           ./src/cr_startup_lpc43xx.o
GINT0_IRQHandler                                  ./src/cr_startup_lpc43xx.o
GINT1_IRQHandler                                  ./src/cr_startup_lpc43xx.o
GPIO0_IRQHandler                                  ./src/cr_startup_lpc43xx.o
GPIO1_IRQHandler                                  ./src/cr_startup_lpc43xx.o
GPIO2_IRQHandler                                  ./src/cr_startup_lpc43xx.o
GPIO3_IRQHandler                                  ./src/cr_startup_lpc43xx.o
GPIO4_IRQHandler                                  ./src/cr_startup_lpc43xx.o
GPIO5_IRQHandler                                  ./src/cr_startup_lpc43xx.o
GPIO6_IRQHandler                                  ./src/cr_startup_lpc43xx.o
GPIO7_IRQHandler                                  ./src/cr_startup_lpc43xx.o
HardFault_Handler                                 ./src/cr_startup_lpc43xx.o
I2C0_IRQHandler                                   ./src/cr_startup_lpc43xx.o
I2C1_IRQHandler                                   ./src/cr_startup_lpc43xx.o
I2S0_IRQHandler                                   ./src/cr_startup_lpc43xx.o
I2S1_IRQHandler                                   ./src/cr_startup_lpc43xx.o
IntDefaultHandler                                 ./src/cr_startup_lpc43xx.o
LCD_IRQHandler                                    ./src/cr_startup_lpc43xx.o
M0APP_IRQHandler                                  ./src/cr_startup_lpc43xx.o
M0SUB_IRQHandler                                  ./src/cr_startup_lpc43xx.o
MCPWM_IRQHandler                                  ./src/cr_startup_lpc43xx.o
MemManage_Handler                                 ./src/cr_startup_lpc43xx.o
NMI_Handler                                       ./src/cr_startup_lpc43xx.o
OscRateIn                                         ./src/sysinit.o
                                                  C:\Proyecto ARDUCIAA\arduCIAA\lpc_chip_43xx\Debug\liblpc_chip_43xx.a(clock_18xx_43xx.o)
PendSV_Handler                                    ./src/cr_startup_lpc43xx.o
QEI_IRQHandler                                    ./src/cr_startup_lpc43xx.o
RIT_IRQHandler                                    ./src/cr_startup_lpc43xx.o
RTC_IRQHandler                                    ./src/cr_startup_lpc43xx.o
ResetISR                                          ./src/cr_startup_lpc43xx.o
SCT_IRQHandler                                    ./src/cr_startup_lpc43xx.o
SDIO_IRQHandler                                   ./src/cr_startup_lpc43xx.o
SGPIO_IRQHandler                                  ./src/cr_startup_lpc43xx.o
SPI                                               ./src/example.o
SPIFI_IRQHandler                                  ./src/cr_startup_lpc43xx.o
SPI_IRQHandler                                    ./src/cr_startup_lpc43xx.o
SSP0_IRQHandler                                   ./src/cr_startup_lpc43xx.o
SSP1_IRQHandler                                   ./src/cr_startup_lpc43xx.o
SVC_Handler                                       ./src/cr_startup_lpc43xx.o
Serial                                            ./src/example.o
Serial1                                           ./src/example.o
Serial2                                           ./src/example.o
SysTick_Handler                                   ./src/cr_startup_lpc43xx.o
SystemCoreClock                                   C:\Proyecto ARDUCIAA\arduCIAA\lpc_chip_43xx\Debug\liblpc_chip_43xx.a(chip_18xx_43xx.o)
                                                  C:\Proyecto ARDUCIAA\arduCIAA\coco_api\Debug\libcoco_api.a(coco_timer.o)
SystemCoreClockUpdate                             C:\Proyecto ARDUCIAA\arduCIAA\lpc_chip_43xx\Debug\liblpc_chip_43xx.a(chip_18xx_43xx.o)
                                                  ./src/example.o
SystemInit                                        ./src/sysinit.o
                                                  ./src/cr_startup_lpc43xx.o
TIMER0_IRQHandler                                 C:\Proyecto ARDUCIAA\arduCIAA\coco_api\Debug\libcoco_api.a(coco_timer.o)
                                                  ./src/cr_startup_lpc43xx.o
TIMER1_IRQHandler                                 C:\Proyecto ARDUCIAA\arduCIAA\coco_api\Debug\libcoco_api.a(coco_timer.o)
                                                  ./src/cr_startup_lpc43xx.o
TIMER2_IRQHandler                                 ./src/cr_startup_lpc43xx.o
TIMER3_IRQHandler                                 ./src/cr_startup_lpc43xx.o
UART0_IRQHandler                                  ./src/cr_startup_lpc43xx.o
UART1_IRQHandler                                  ./src/cr_startup_lpc43xx.o
UART2_IRQHandler                                  ./src/cr_startup_lpc43xx.o
UART3_IRQHandler                                  ./src/cr_startup_lpc43xx.o
USB0_IRQHandler                                   ./src/cr_startup_lpc43xx.o
USB1_IRQHandler                                   ./src/cr_startup_lpc43xx.o
UsageFault_Handler                                ./src/cr_startup_lpc43xx.o
WDT_IRQHandler                                    ./src/cr_startup_lpc43xx.o
Wire                                              ./src/example.o
Wire::Wire()                                      ./src/example.o
Wire::Wire()                                      ./src/example.o
__adddf3                                          c:/nxp/mcuxpressoide_11.2.1_4149/ide/plugins/com.nxp.mcuxpresso.tools.win32_11.2.0.202008311134/tools/bin/../lib/gcc/arm-none-eabi/9.2.1/thumb/v7e-m/nofp\libgcc.a(_arm_addsubdf3.o)
__aeabi_atexit                                    ./src/cr_cpp_config.o
__aeabi_dadd                                      c:/nxp/mcuxpressoide_11.2.1_4149/ide/plugins/com.nxp.mcuxpresso.tools.win32_11.2.0.202008311134/tools/bin/../lib/gcc/arm-none-eabi/9.2.1/thumb/v7e-m/nofp\libgcc.a(_arm_addsubdf3.o)
                                                  C:\Proyecto ARDUCIAA\arduCIAA\coco_api\Debug\libcoco_api.a(coco_timer.o)
__aeabi_drsub                                     c:/nxp/mcuxpressoide_11.2.1_4149/ide/plugins/com.nxp.mcuxpresso.tools.win32_11.2.0.202008311134/tools/bin/../lib/gcc/arm-none-eabi/9.2.1/thumb/v7e-m/nofp\libgcc.a(_arm_addsubdf3.o)
__aeabi_dsub                                      c:/nxp/mcuxpressoide_11.2.1_4149/ide/plugins/com.nxp.mcuxpresso.tools.win32_11.2.0.202008311134/tools/bin/../lib/gcc/arm-none-eabi/9.2.1/thumb/v7e-m/nofp\libgcc.a(_arm_addsubdf3.o)
__aeabi_f2d                                       c:/nxp/mcuxpressoide_11.2.1_4149/ide/plugins/com.nxp.mcuxpresso.tools.win32_11.2.0.202008311134/tools/bin/../lib/gcc/arm-none-eabi/9.2.1/thumb/v7e-m/nofp\libgcc.a(_arm_addsubdf3.o)
__aeabi_i2d                                       c:/nxp/mcuxpressoide_11.2.1_4149/ide/plugins/com.nxp.mcuxpresso.tools.win32_11.2.0.202008311134/tools/bin/../lib/gcc/arm-none-eabi/9.2.1/thumb/v7e-m/nofp\libgcc.a(_arm_addsubdf3.o)
__aeabi_l2d                                       c:/nxp/mcuxpressoide_11.2.1_4149/ide/plugins/com.nxp.mcuxpresso.tools.win32_11.2.0.202008311134/tools/bin/../lib/gcc/arm-none-eabi/9.2.1/thumb/v7e-m/nofp\libgcc.a(_arm_addsubdf3.o)
__aeabi_ui2d                                      c:/nxp/mcuxpressoide_11.2.1_4149/ide/plugins/com.nxp.mcuxpresso.tools.win32_11.2.0.202008311134/tools/bin/../lib/gcc/arm-none-eabi/9.2.1/thumb/v7e-m/nofp\libgcc.a(_arm_addsubdf3.o)
__aeabi_ul2d                                      c:/nxp/mcuxpressoide_11.2.1_4149/ide/plugins/com.nxp.mcuxpresso.tools.win32_11.2.0.202008311134/tools/bin/../lib/gcc/arm-none-eabi/9.2.1/thumb/v7e-m/nofp\libgcc.a(_arm_addsubdf3.o)
__bss_section_table_end                           ./src/cr_startup_lpc43xx.o
__check_heap_overflow                             c:/nxp/mcuxpressoide_11.2.1_4149/ide/plugins/com.nxp.mcuxpresso.tools.win32_11.2.0.202008311134/tools/bin/../lib/gcc/arm-none-eabi/9.2.1/../../../../arm-none-eabi/lib/thumb/v7e-m/nofp\libcr_newlib_nohost.a(_cr_check_heap.o)
                                                  c:/nxp/mcuxpressoide_11.2.1_4149/ide/plugins/com.nxp.mcuxpresso.tools.win32_11.2.0.202008311134/tools/bin/../lib/gcc/arm-none-eabi/9.2.1/../../../../arm-none-eabi/lib/thumb/v7e-m/nofp\libcr_newlib_nohost.a(_cr_sbrk.o)
__data_section_table                              ./src/cr_startup_lpc43xx.o
__data_section_table_end                          ./src/cr_startup_lpc43xx.o
__deregister_frame_info                           c:/nxp/mcuxpressoide_11.2.1_4149/ide/plugins/com.nxp.mcuxpresso.tools.win32_11.2.0.202008311134/tools/bin/../lib/gcc/arm-none-eabi/9.2.1/thumb/v7e-m/nofp\crtbegin.o
__dso_handle                                      c:/nxp/mcuxpressoide_11.2.1_4149/ide/plugins/com.nxp.mcuxpresso.tools.win32_11.2.0.202008311134/tools/bin/../lib/gcc/arm-none-eabi/9.2.1/thumb/v7e-m/nofp\crtbegin.o
__end_of_heap                                     c:/nxp/mcuxpressoide_11.2.1_4149/ide/plugins/com.nxp.mcuxpresso.tools.win32_11.2.0.202008311134/tools/bin/../lib/gcc/arm-none-eabi/9.2.1/../../../../arm-none-eabi/lib/thumb/v7e-m/nofp\libcr_newlib_nohost.a(_cr_sbrk.o)
__errno                                           c:/nxp/mcuxpressoide_11.2.1_4149/ide/plugins/com.nxp.mcuxpresso.tools.win32_11.2.0.202008311134/tools/bin/../lib/gcc/arm-none-eabi/9.2.1/../../../../arm-none-eabi/lib/thumb/v7e-m/nofp\libc.a(lib_a-errno.o)
                                                  c:/nxp/mcuxpressoide_11.2.1_4149/ide/plugins/com.nxp.mcuxpresso.tools.win32_11.2.0.202008311134/tools/bin/../lib/gcc/arm-none-eabi/9.2.1/../../../../arm-none-eabi/lib/thumb/v7e-m/nofp\libcr_newlib_nohost.a(_cr_sbrk.o)
__extendsfdf2                                     c:/nxp/mcuxpressoide_11.2.1_4149/ide/plugins/com.nxp.mcuxpresso.tools.win32_11.2.0.202008311134/tools/bin/../lib/gcc/arm-none-eabi/9.2.1/thumb/v7e-m/nofp\libgcc.a(_arm_addsubdf3.o)
__floatdidf                                       c:/nxp/mcuxpressoide_11.2.1_4149/ide/plugins/com.nxp.mcuxpresso.tools.win32_11.2.0.202008311134/tools/bin/../lib/gcc/arm-none-eabi/9.2.1/thumb/v7e-m/nofp\libgcc.a(_arm_addsubdf3.o)
__floatsidf                                       c:/nxp/mcuxpressoide_11.2.1_4149/ide/plugins/com.nxp.mcuxpresso.tools.win32_11.2.0.202008311134/tools/bin/../lib/gcc/arm-none-eabi/9.2.1/thumb/v7e-m/nofp\libgcc.a(_arm_addsubdf3.o)
__floatundidf                                     c:/nxp/mcuxpressoide_11.2.1_4149/ide/plugins/com.nxp.mcuxpresso.tools.win32_11.2.0.202008311134/tools/bin/../lib/gcc/arm-none-eabi/9.2.1/thumb/v7e-m/nofp\libgcc.a(_arm_addsubdf3.o)
__floatunsidf                                     c:/nxp/mcuxpressoide_11.2.1_4149/ide/plugins/com.nxp.mcuxpresso.tools.win32_11.2.0.202008311134/tools/bin/../lib/gcc/arm-none-eabi/9.2.1/thumb/v7e-m/nofp\libgcc.a(_arm_addsubdf3.o)
__gnu_cxx::__verbose_terminate_handler()          ./src/cr_cpp_config.o
__init_array_end                                  c:/nxp/mcuxpressoide_11.2.1_4149/ide/plugins/com.nxp.mcuxpresso.tools.win32_11.2.0.202008311134/tools/bin/../lib/gcc/arm-none-eabi/9.2.1/../../../../arm-none-eabi/lib/thumb/v7e-m/nofp\libc.a(lib_a-init.o)
__init_array_start                                c:/nxp/mcuxpressoide_11.2.1_4149/ide/plugins/com.nxp.mcuxpresso.tools.win32_11.2.0.202008311134/tools/bin/../lib/gcc/arm-none-eabi/9.2.1/../../../../arm-none-eabi/lib/thumb/v7e-m/nofp\libc.a(lib_a-init.o)
__libc_init_array                                 c:/nxp/mcuxpressoide_11.2.1_4149/ide/plugins/com.nxp.mcuxpresso.tools.win32_11.2.0.202008311134/tools/bin/../lib/gcc/arm-none-eabi/9.2.1/../../../../arm-none-eabi/lib/thumb/v7e-m/nofp\libc.a(lib_a-init.o)
                                                  ./src/cr_startup_lpc43xx.o
__lock___arc4random_mutex                         c:/nxp/mcuxpressoide_11.2.1_4149/ide/plugins/com.nxp.mcuxpresso.tools.win32_11.2.0.202008311134/tools/bin/../lib/gcc/arm-none-eabi/9.2.1/../../../../arm-none-eabi/lib/thumb/v7e-m/nofp\libc.a(lib_a-lock.o)
__lock___at_quick_exit_mutex                      c:/nxp/mcuxpressoide_11.2.1_4149/ide/plugins/com.nxp.mcuxpresso.tools.win32_11.2.0.202008311134/tools/bin/../lib/gcc/arm-none-eabi/9.2.1/../../../../arm-none-eabi/lib/thumb/v7e-m/nofp\libc.a(lib_a-lock.o)
__lock___atexit_recursive_mutex                   c:/nxp/mcuxpressoide_11.2.1_4149/ide/plugins/com.nxp.mcuxpresso.tools.win32_11.2.0.202008311134/tools/bin/../lib/gcc/arm-none-eabi/9.2.1/../../../../arm-none-eabi/lib/thumb/v7e-m/nofp\libc.a(lib_a-lock.o)
__lock___dd_hash_mutex                            c:/nxp/mcuxpressoide_11.2.1_4149/ide/plugins/com.nxp.mcuxpresso.tools.win32_11.2.0.202008311134/tools/bin/../lib/gcc/arm-none-eabi/9.2.1/../../../../arm-none-eabi/lib/thumb/v7e-m/nofp\libc.a(lib_a-lock.o)
__lock___env_recursive_mutex                      c:/nxp/mcuxpressoide_11.2.1_4149/ide/plugins/com.nxp.mcuxpresso.tools.win32_11.2.0.202008311134/tools/bin/../lib/gcc/arm-none-eabi/9.2.1/../../../../arm-none-eabi/lib/thumb/v7e-m/nofp\libc.a(lib_a-lock.o)
__lock___malloc_recursive_mutex                   c:/nxp/mcuxpressoide_11.2.1_4149/ide/plugins/com.nxp.mcuxpresso.tools.win32_11.2.0.202008311134/tools/bin/../lib/gcc/arm-none-eabi/9.2.1/../../../../arm-none-eabi/lib/thumb/v7e-m/nofp\libc.a(lib_a-lock.o)
                                                  c:/nxp/mcuxpressoide_11.2.1_4149/ide/plugins/com.nxp.mcuxpresso.tools.win32_11.2.0.202008311134/tools/bin/../lib/gcc/arm-none-eabi/9.2.1/../../../../arm-none-eabi/lib/thumb/v7e-m/nofp\libc.a(lib_a-mlock.o)
__lock___sfp_recursive_mutex                      c:/nxp/mcuxpressoide_11.2.1_4149/ide/plugins/com.nxp.mcuxpresso.tools.win32_11.2.0.202008311134/tools/bin/../lib/gcc/arm-none-eabi/9.2.1/../../../../arm-none-eabi/lib/thumb/v7e-m/nofp\libc.a(lib_a-lock.o)