ccan_18xx_43xx.h:196:24:Chip_CCAN_GetStatus	16	static
ccan_18xx_43xx.h:207:20:Chip_CCAN_SetStatus	16	static
ccan_18xx_43xx.h:295:24:Chip_CCAN_GetTxRQST	16	static
ccan_18xx_43xx.h:436:24:Chip_CCAN_GetValidMsg	16	static
ccan_18xx_43xx.c:47:13:configTimming	24	static
ccan_18xx_43xx.c:72:16:getFreeMsgObject	24	static
ccan_18xx_43xx.c:85:13:freeMsgObject	16	static
ccan_18xx_43xx.c:91:23:Chip_CCAN_GetClockIndex	24	static
ccan_18xx_43xx.c:110:6:Chip_CCAN_Init	24	static
ccan_18xx_43xx.c:123:6:Chip_CCAN_DeInit	16	static
ccan_18xx_43xx.c:129:8:Chip_CCAN_SetBitRate	56	static
ccan_18xx_43xx.c:153:6:Chip_CCAN_ClearStatus	24	static
ccan_18xx_43xx.c:160:6:Chip_CCAN_SetMsgObject	24	static
ccan_18xx_43xx.c:217:6:Chip_CCAN_GetMsgObject	32	static
ccan_18xx_43xx.c:246:6:Chip_CCAN_TransferMsgObject	24	static
ccan_18xx_43xx.c:257:6:Chip_CCAN_SetValidMsg	24	static
ccan_18xx_43xx.c:273:6:Chip_CCAN_Send	40	static
ccan_18xx_43xx.c:288:6:Chip_CCAN_AddReceiveID	56	static
ccan_18xx_43xx.c:300:6:Chip_CCAN_DeleteReceiveID	48	static
