clock_18xx_43xx.h:137:22:Chip_Clock_DisableMainPLL	4	static
clock_18xx_43xx.c:80:26:ABS	16	static
clock_18xx_43xx.c:87:13:pll_calc_divs	40	static
clock_18xx_43xx.c:127:13:pll_get_frac	136	static
clock_18xx_43xx.c:182:17:Chip_Clock_TestMainPLLMultiplier	32	static
clock_18xx_43xx.c:194:17:Chip_Clock_GetDivRate	24	static
clock_18xx_43xx.c:205:28:Chip_Clock_FindBaseClock	24	static
clock_18xx_43xx.c:227:6:Chip_Clock_EnableCrystal	16	static
clock_18xx_43xx.c:252:5:Chip_Clock_CalcMainPLLValue	16	static
clock_18xx_43xx.c:288:6:Chip_Clock_DisableCrystal	4	static
clock_18xx_43xx.c:295:10:Chip_Clock_SetupMainPLLHz	48	static
clock_18xx_43xx.c:355:10:Chip_Clock_SetupMainPLLMult	48	static
clock_18xx_43xx.c:399:10:Chip_Clock_GetMainPLLHz	56	static
clock_18xx_43xx.c:430:6:Chip_Clock_SetDivider	24	static
clock_18xx_43xx.c:449:18:Chip_Clock_GetDividerSource	24	static
clock_18xx_43xx.c:461:10:Chip_Clock_GetDividerDivisor	16	static
clock_18xx_43xx.c:467:10:Chip_Clock_GetClockInputHz	24	static
clock_18xx_43xx.c:547:10:Chip_Clock_GetBaseClocktHz	16	static
clock_18xx_43xx.c:553:6:Chip_Clock_SetBaseClock	24	static
clock_18xx_43xx.c:581:6:Chip_Clock_GetBaseClockOpts	32	static
clock_18xx_43xx.c:601:6:Chip_Clock_EnableBaseClock	16	static
clock_18xx_43xx.c:609:6:Chip_Clock_DisableBaseClock	16	static
clock_18xx_43xx.c:617:6:Chip_Clock_IsBaseClockEnabled	24	static
clock_18xx_43xx.c:632:18:Chip_Clock_GetBaseClock	24	static
clock_18xx_43xx.c:651:6:Chip_Clock_EnableOpts	24	static
clock_18xx_43xx.c:678:6:Chip_Clock_Enable	16	static
clock_18xx_43xx.c:690:6:Chip_Clock_RTCEnable	4	static
clock_18xx_43xx.c:697:6:Chip_Clock_Disable	16	static
clock_18xx_43xx.c:713:6:Chip_Clock_StartPowerDown	4	static
clock_18xx_43xx.c:724:6:Chip_Clock_ClearPowerDown	4	static
clock_18xx_43xx.c:732:10:Chip_Clock_GetRate	32	static
clock_18xx_43xx.c:771:10:Chip_Clock_GetEMCRate	16	static
clock_18xx_43xx.c:790:6:Chip_Clock_SetupPLL	24	static
clock_18xx_43xx.c:808:6:Chip_Clock_EnablePLL	16	static
clock_18xx_43xx.c:814:6:Chip_Clock_DisablePLL	16	static
clock_18xx_43xx.c:820:10:Chip_Clock_GetPLLStatus	16	static
