i2c_18xx_43xx.c:76:20:enableClk	16	static
i2c_18xx_43xx.c:81:20:disableClk	16	static
i2c_18xx_43xx.c:87:24:getClkRate	16	static
i2c_18xx_43xx.c:93:20:startMasterXfer	16	static
i2c_18xx_43xx.c:103:20:startSlaverXfer	16	static
i2c_18xx_43xx.c:113:19:isI2CBusFree	16	static
i2c_18xx_43xx.c:119:19:getCurState	16	static
i2c_18xx_43xx.c:125:19:isMasterState	16	static
i2c_18xx_43xx.c:131:13:setSlaveAddr	24	static
i2c_18xx_43xx.c:145:12:isSlaveAddrMatching	16	static
i2c_18xx_43xx.c:152:21:lookupSlaveIndex	16	static
i2c_18xx_43xx.c:175:5:handleMasterXferState	24	static
i2c_18xx_43xx.c:248:14:getSlaveIndex	16	static
i2c_18xx_43xx.c:265:5:handleSlaveXferState	24	static
i2c_18xx_43xx.c:330:6:Chip_I2C_EventHandler	24	static
i2c_18xx_43xx.c:346:6:Chip_I2C_EventHandlerPolling	24	static
i2c_18xx_43xx.c:366:6:Chip_I2C_Init	16	static
i2c_18xx_43xx.c:375:6:Chip_I2C_DeInit	16	static
i2c_18xx_43xx.c:384:6:Chip_I2C_SetClockRate	24	static
i2c_18xx_43xx.c:394:10:Chip_I2C_GetClockRate	24	static
i2c_18xx_43xx.c:400:5:Chip_I2C_SetMasterEventHandler	24	static
i2c_18xx_43xx.c:410:20:Chip_I2C_GetMasterEventHandler	16	static
i2c_18xx_43xx.c:416:5:Chip_I2C_MasterTransfer	24	static
i2c_18xx_43xx.c:444:5:Chip_I2C_MasterSend	40	static
i2c_18xx_43xx.c:457:5:Chip_I2C_MasterCmdRead	40	static
i2c_18xx_43xx.c:470:5:Chip_I2C_MasterRead	48	static
i2c_18xx_43xx.c:481:5:Chip_I2C_IsMasterActive	16	static
i2c_18xx_43xx.c:487:6:Chip_I2C_MasterStateHandler	16	static
i2c_18xx_43xx.c:495:6:Chip_I2C_SlaveSetup	32	static
i2c_18xx_43xx.c:518:6:Chip_I2C_SlaveStateHandler	32	static
i2c_18xx_43xx.c:544:6:Chip_I2C_Disable	16	static
i2c_18xx_43xx.c:550:5:Chip_I2C_IsStateChanged	16	static
