sdif_18xx_43xx.h:279:20:Chip_SDIF_SetBlkSize	16	static
sdif_18xx_43xx.h:354:20:Chip_SDIF_SetCardType	16	static
sdif_18xx_43xx.h:386:20:Chip_SDIF_SetIntMask	16	static
sdif_18xx_43xx.h:409:20:Chip_SDIF_SetByteCnt	16	static
sdio_18xx_43xx.c:62:12:SDIO_Card_SetVoltage	32	static
sdio_18xx_43xx.c:109:12:SDIO_CARD_SetRCA	24	static
sdio_18xx_43xx.c:136:12:SDIO_Card_SetMode	32	static
sdio_18xx_43xx.c:160:5:SDIO_Card_SetBlockSize	40	static
sdio_18xx_43xx.c:184:10:SDIO_Card_GetBlockSize	16	static
sdio_18xx_43xx.c:193:5:SDIO_Card_WriteData	48	static
sdio_18xx_43xx.c:239:5:SDIO_Card_ReadData	40	static
sdio_18xx_43xx.c:283:5:SDIO_Card_EnableInt	24	static
sdio_18xx_43xx.c:302:5:SDIO_Card_DisableInt	24	static
sdio_18xx_43xx.c:326:5:SDIO_Card_Init	24	static
sdio_18xx_43xx.c:381:5:SDIO_Write_Direct	32	static
sdio_18xx_43xx.c:402:5:SDIO_WriteRead_Direct	32	static
sdio_18xx_43xx.c:424:5:SDIO_Read_Direct	32	static
sdio_18xx_43xx.c:445:6:SDIO_Setup_Callback	24	static
sdio_18xx_43xx.c:454:10:SDIO_Send_Command	40	static
sdio_18xx_43xx.c:479:6:SDIO_Handler	32	static
