ring_buffer.h:133:19:RingBuffer_IsEmpty	16	static
uart_18xx_43xx.h:316:20:Chip_UART_TXDisable	16	static
uart_18xx_43xx.h:329:20:Chip_UART_SendByte	16	static
uart_18xx_43xx.h:342:23:Chip_UART_ReadByte	16	static
uart_18xx_43xx.h:357:20:Chip_UART_IntEnable	16	static
uart_18xx_43xx.h:372:20:Chip_UART_IntDisable	16	static
uart_18xx_43xx.h:395:24:Chip_UART_ReadIntIDReg	16	static
uart_18xx_43xx.h:410:20:Chip_UART_SetupFIFOS	16	static
uart_18xx_43xx.h:425:20:Chip_UART_ConfigData	16	static
uart_18xx_43xx.h:435:20:Chip_UART_EnableDivisorAccess	16	static
uart_18xx_43xx.h:445:20:Chip_UART_DisableDivisorAccess	16	static
uart_18xx_43xx.h:460:20:Chip_UART_SetDivisorLatches	16	static
uart_18xx_43xx.h:512:24:Chip_UART_ReadLineStatus	16	static
uart_18xx_43xx.h:558:20:Chip_UART_SetAutoBaudReg	16	static
uart_18xx_43xx.c:55:12:Chip_UART_GetIndex	24	static
uart_18xx_43xx.c:73:13:Chip_UART_ABIntHandler	16	static
uart_18xx_43xx.c:96:6:Chip_UART_Init	24	static
uart_18xx_43xx.c:138:6:Chip_UART_DeInit	16	static
uart_18xx_43xx.c:148:5:Chip_UART_Send	32	static
uart_18xx_43xx.c:165:12:Chip_UART_CheckBusy	16	static
uart_18xx_43xx.c:176:5:Chip_UART_SendBlocking	40	static
uart_18xx_43xx.c:192:5:Chip_UART_Read	32	static
uart_18xx_43xx.c:209:5:Chip_UART_ReadBlocking	40	static
uart_18xx_43xx.c:225:10:Chip_UART_SetBaud	32	static
uart_18xx_43xx.c:247:6:Chip_UART_RXIntHandlerRB	24	static
uart_18xx_43xx.c:257:6:Chip_UART_TXIntHandlerRB	24	static
uart_18xx_43xx.c:275:10:Chip_UART_SendRB	32	static
uart_18xx_43xx.c:297:5:Chip_UART_ReadRB	24	static
uart_18xx_43xx.c:305:6:Chip_UART_IRQRBHandler	24	static
uart_18xx_43xx.c:325:10:Chip_UART_SetBaudFDR	80	static
uart_18xx_43xx.c:387:12:Chip_UART_GetABEOStatus	16	static
uart_18xx_43xx.c:394:6:Chip_UART_ABCmd	32	static
